Component: ARM Compiler 5.06 update 7 (build 960) Tool: armlink [4d3601]

==============================================================================

Section Cross References

    startup_stm32f407xx.o(STACK) refers (Special) to heapauxi.o(.text) for __use_two_region_memory
    startup_stm32f407xx.o(HEAP) refers (Special) to heapauxi.o(.text) for __use_two_region_memory
    startup_stm32f407xx.o(RESET) refers (Special) to heapauxi.o(.text) for __use_two_region_memory
    startup_stm32f407xx.o(RESET) refers to startup_stm32f407xx.o(STACK) for __initial_sp
    startup_stm32f407xx.o(RESET) refers to startup_stm32f407xx.o(.text) for Reset_Handler
    startup_stm32f407xx.o(RESET) refers to stm32f4xx_it.o(i.NMI_Handler) for NMI_Handler
    startup_stm32f407xx.o(RESET) refers to stm32f4xx_it.o(i.HardFault_Handler) for HardFault_Handler
    startup_stm32f407xx.o(RESET) refers to stm32f4xx_it.o(i.MemManage_Handler) for MemManage_Handler
    startup_stm32f407xx.o(RESET) refers to stm32f4xx_it.o(i.BusFault_Handler) for BusFault_Handler
    startup_stm32f407xx.o(RESET) refers to stm32f4xx_it.o(i.UsageFault_Handler) for UsageFault_Handler
    startup_stm32f407xx.o(RESET) refers to stm32f4xx_it.o(i.SVC_Handler) for SVC_Handler
    startup_stm32f407xx.o(RESET) refers to stm32f4xx_it.o(i.DebugMon_Handler) for DebugMon_Handler
    startup_stm32f407xx.o(RESET) refers to stm32f4xx_it.o(i.PendSV_Handler) for PendSV_Handler
    startup_stm32f407xx.o(RESET) refers to stm32f4xx_it.o(i.SysTick_Handler) for SysTick_Handler
    startup_stm32f407xx.o(RESET) refers to stm32f4xx_it.o(i.DMA1_Stream1_IRQHandler) for DMA1_Stream1_IRQHandler
    startup_stm32f407xx.o(RESET) refers to stm32f4xx_it.o(i.DMA1_Stream3_IRQHandler) for DMA1_Stream3_IRQHandler
    startup_stm32f407xx.o(RESET) refers to stm32f4xx_it.o(i.DMA1_Stream5_IRQHandler) for DMA1_Stream5_IRQHandler
    startup_stm32f407xx.o(RESET) refers to stm32f4xx_it.o(i.DMA1_Stream6_IRQHandler) for DMA1_Stream6_IRQHandler
    startup_stm32f407xx.o(RESET) refers to stm32f4xx_it.o(i.USART1_IRQHandler) for USART1_IRQHandler
    startup_stm32f407xx.o(RESET) refers to stm32f4xx_it.o(i.USART2_IRQHandler) for USART2_IRQHandler
    startup_stm32f407xx.o(RESET) refers to stm32f4xx_it.o(i.TIM5_IRQHandler) for TIM5_IRQHandler
    startup_stm32f407xx.o(RESET) refers to stm32f4xx_it.o(i.DMA2_Stream2_IRQHandler) for DMA2_Stream2_IRQHandler
    startup_stm32f407xx.o(RESET) refers to stm32f4xx_it.o(i.DMA2_Stream7_IRQHandler) for DMA2_Stream7_IRQHandler
    startup_stm32f407xx.o(.text) refers (Special) to heapauxi.o(.text) for __use_two_region_memory
    startup_stm32f407xx.o(.text) refers to system_stm32f4xx.o(i.SystemInit) for SystemInit
    startup_stm32f407xx.o(.text) refers to __main.o(!!!main) for __main
    startup_stm32f407xx.o(.text) refers to startup_stm32f407xx.o(HEAP) for Heap_Mem
    startup_stm32f407xx.o(.text) refers to startup_stm32f407xx.o(STACK) for Stack_Mem
    motor.o(i.Motor_DriveAll) refers to motor.o(i.SetDir) for SetDir
    motor.o(i.Motor_DriveAll) refers to motor.o(i.Motor_SetPwm) for Motor_SetPwm
    motor.o(i.Motor_DriveAll) refers to motor.o(.data) for .data
    motor.o(i.Motor_DriveDiff) refers to motor.o(i.SetDir) for SetDir
    motor.o(i.Motor_DriveDiff) refers to motor.o(i.Motor_SetPwm) for Motor_SetPwm
    motor.o(i.Motor_DriveDiff) refers to motor.o(.data) for .data
    motor.o(i.Motor_InitAll) refers to stm32f4xx_hal_tim.o(i.HAL_TIM_PWM_Start) for HAL_TIM_PWM_Start
    motor.o(i.Motor_InitAll) refers to stm32f4xx_hal_tim.o(i.HAL_TIM_Encoder_Start) for HAL_TIM_Encoder_Start
    motor.o(i.Motor_InitAll) refers to motor.o(i.Motor_StopAll) for Motor_StopAll
    motor.o(i.Motor_InitAll) refers to motor.o(.data) for .data
    motor.o(i.Motor_InitAll) refers to tim.o(.bss) for htim1
    motor.o(i.Motor_ResetAllEncoders) refers to motor.o(.data) for .data
    motor.o(i.Motor_StopAll) refers to motor.o(i.Motor_SetPwm) for Motor_SetPwm
    motor.o(i.Motor_StopAll) refers to motor.o(i.SetDir) for SetDir
    motor.o(i.Motor_StopAll) refers to motor.o(.data) for .data
    motor.o(i.SetDir) refers to stm32f4xx_hal_gpio.o(i.HAL_GPIO_WritePin) for HAL_GPIO_WritePin
    motor.o(.data) refers to tim.o(.bss) for htim1
    oled.o(i.OLED_Clear) refers to oled.o(.bss) for .bss
    oled.o(i.OLED_ClearArea) refers to oled.o(.bss) for .bss
    oled.o(i.OLED_DrawArc) refers to oled.o(i.OLED_IsInAngle) for OLED_IsInAngle
    oled.o(i.OLED_DrawArc) refers to oled.o(i.OLED_DrawPoint) for OLED_DrawPoint
    oled.o(i.OLED_DrawCircle) refers to oled.o(i.OLED_DrawPoint) for OLED_DrawPoint
    oled.o(i.OLED_DrawEllipse) refers to dflt_clz.o(x$fpl$dflt) for __aeabi_i2d
    oled.o(i.OLED_DrawEllipse) refers to daddsub_clz.o(x$fpl$dadd) for __aeabi_dadd
    oled.o(i.OLED_DrawEllipse) refers to dmul.o(x$fpl$dmul) for __aeabi_dmul
    oled.o(i.OLED_DrawEllipse) refers to d2f.o(x$fpl$d2f) for __aeabi_d2f
    oled.o(i.OLED_DrawEllipse) refers to oled.o(i.OLED_DrawPoint) for OLED_DrawPoint
[...]
    .ARM.Collect$$rtentry$$00000009          0x0800024e   Section        0  __rtentry2.o(.ARM.Collect$$rtentry$$00000009)
    .ARM.Collect$$rtentry$$0000000A          0x0800024e   Section        4  __rtentry2.o(.ARM.Collect$$rtentry$$0000000A)
    .ARM.Collect$$rtentry$$0000000C          0x08000252   Section        0  __rtentry2.o(.ARM.Collect$$rtentry$$0000000C)
    .ARM.Collect$$rtentry$$0000000D          0x08000252   Section        8  __rtentry2.o(.ARM.Collect$$rtentry$$0000000D)
    .ARM.Collect$$rtexit$$00000000           0x0800025a   Section        2  rtexit.o(.ARM.Collect$$rtexit$$00000000)
    .ARM.Collect$$rtexit$$00000002           0x0800025c   Section        0  rtexit2.o(.ARM.Collect$$rtexit$$00000002)
    .ARM.Collect$$rtexit$$00000003           0x0800025c   Section        4  rtexit2.o(.ARM.Collect$$rtexit$$00000003)
    .ARM.Collect$$rtexit$$00000004           0x08000260   Section        6  rtexit2.o(.ARM.Collect$$rtexit$$00000004)
    .text                                    0x08000268   Section       64  startup_stm32f407xx.o(.text)
    $v0                                      0x08000268   Number         0  startup_stm32f407xx.o(.text)
    .text                                    0x080002a8   Section      238  lludivv7m.o(.text)
    .text                                    0x08000396   Section       78  rt_memclr_w.o(.text)
    .text                                    0x080003e4   Section        0  heapauxi.o(.text)
    .text                                    0x080003ec   Section        8  libspace.o(.text)
    .text                                    0x080003f4   Section       74  sys_stackheap_outer.o(.text)
    .text                                    0x0800043e   Section        0  exit.o(.text)
    .text                                    0x08000450   Section        0  sys_exit.o(.text)
    .text                                    0x0800045c   Section        2  use_no_semi.o(.text)
    .text                                    0x0800045e   Section        0  indicate_semi.o(.text)
    i.App_Init                               0x08000460   Section        0  app.o(i.App_Init)
    i.App_KeyScan                            0x080004c8   Section        0  app.o(i.App_KeyScan)
    i.Apply_Profile                          0x0800060c   Section        0  app.o(i.Apply_Profile)
    Apply_Profile                            0x0800060d   Thumb Code    58  app.o(i.Apply_Profile)
    i.BusFault_Handler                       0x0800064c   Section        0  stm32f4xx_it.o(i.BusFault_Handler)
    i.Cascade_Update                         0x08000650   Section        0  app.o(i.Cascade_Update)
    i.DMA1_Stream1_IRQHandler                0x080008fc   Section        0  stm32f4xx_it.o(i.DMA1_Stream1_IRQHandler)
    i.DMA1_Stream3_IRQHandler                0x08000908   Section        0  stm32f4xx_it.o(i.DMA1_Stream3_IRQHandler)
    i.DMA1_Stream5_IRQHandler                0x08000914   Section        0  stm32f4xx_it.o(i.DMA1_Stream5_IRQHandler)
    i.DMA1_Stream6_IRQHandler                0x08000920   Section        0  stm32f4xx_it.o(i.DMA1_Stream6_IRQHandler)
    i.DMA2_Stream2_IRQHandler                0x0800092c   Section        0  stm32f4xx_it.o(i.DMA2_Stream2_IRQHandler)
    i.DMA2_Stream7_IRQHandler                0x08000938   Section        0  stm32f4xx_it.o(i.DMA2_Stream7_IRQHandler)
    i.DMA_CalcBaseAndBitshift                0x08000944   Section        0  stm32f4xx_hal_dma.o(i.DMA_CalcBaseAndBitshift)
    DMA_CalcBaseAndBitshift                  0x08000945   Thumb Code    34  stm32f4xx_hal_dma.o(i.DMA_CalcBaseAndBitshift)
    i.DMA_CheckFifoParam                     0x0800096c   Section        0  stm32f4xx_hal_dma.o(i.DMA_CheckFifoParam)
    DMA_CheckFifoParam                       0x0800096d   Thumb Code    84  stm32f4xx_hal_dma.o(i.DMA_CheckFifoParam)
    i.DMA_SetConfig                          0x080009c0   Section        0  stm32f4xx_hal_dma.o(i.DMA_SetConfig)
    DMA_SetConfig                            0x080009c1   Thumb Code    40  stm32f4xx_hal_dma.o(i.DMA_SetConfig)
    i.DebugMon_Handler                       0x080009e8   Section        0  stm32f4xx_it.o(i.DebugMon_Handler)
    i.Error_Handler                          0x080009ea   Section        0  main.o(i.Error_Handler)
    i.GraySensor_Init                        0x080009ee   Section        0  bsp_gray_sensor.o(i.GraySensor_Init)
    i.GraySensor_Read                        0x080009f4   Section        0  bsp_gray_sensor.o(i.GraySensor_Read)
    i.HAL_DMA_Abort                          0x08000a6c   Section        0  stm32f4xx_hal_dma.o(i.HAL_DMA_Abort)
    i.HAL_DMA_Abort_IT                       0x08000afe   Section        0  stm32f4xx_hal_dma.o(i.HAL_DMA_Abort_IT)
    i.HAL_DMA_IRQHandler                     0x08000b24   Section        0  stm32f4xx_hal_dma.o(i.HAL_DMA_IRQHandler)
    i.HAL_DMA_Init                           0x08000cc4   Section        0  stm32f4xx_hal_dma.o(i.HAL_DMA_Init)
    i.HAL_DMA_Start_IT                       0x08000d98   Section        0  stm32f4xx_hal_dma.o(i.HAL_DMA_Start_IT)
    i.HAL_GPIO_Init                          0x08000e08   Section        0  stm32f4xx_hal_gpio.o(i.HAL_GPIO_Init)
    i.HAL_GPIO_ReadPin                       0x08000ff8   Section        0  stm32f4xx_hal_gpio.o(i.HAL_GPIO_ReadPin)
    i.HAL_GPIO_WritePin                      0x08001002   Section        0  stm32f4xx_hal_gpio.o(i.HAL_GPIO_WritePin)
    i.HAL_GetTick                            0x0800100c   Section        0  stm32f4xx_hal.o(i.HAL_GetTick)
    i.HAL_IncTick                            0x08001018   Section        0  stm32f4xx_hal.o(i.HAL_IncTick)
    i.HAL_Init                               0x08001028   Section        0  stm32f4xx_hal.o(i.HAL_Init)
    i.HAL_InitTick                           0x0800105c   Section        0  stm32f4xx_hal.o(i.HAL_InitTick)
    i.HAL_MspInit                            0x0800109c   Section        0  stm32f4xx_hal_msp.o(i.HAL_MspInit)
    i.HAL_NVIC_EnableIRQ                     0x080010cc   Section        0  stm32f4xx_hal_cortex.o(i.HAL_NVIC_EnableIRQ)
    i.HAL_NVIC_SetPriority                   0x080010e8   Section        0  stm32f4xx_hal_cortex.o(i.HAL_NVIC_SetPriority)
    i.HAL_NVIC_SetPriorityGrouping           0x08001128   Section        0  stm32f4xx_hal_cortex.o(i.HAL_NVIC_SetPriorityGrouping)
    i.HAL_RCC_ClockConfig                    0x0800114c   Section        0  stm32f4xx_hal_rcc.o(i.HAL_RCC_ClockConfig)
    i.HAL_RCC_GetPCLK1Freq                   0x08001280   Section        0  stm32f4xx_hal_rcc.o(i.HAL_RCC_GetPCLK1Freq)
    i.HAL_RCC_GetPCLK2Freq                   0x080012a0   Section        0  stm32f4xx_hal_rcc.o(i.HAL_RCC_GetPCLK2Freq)
    i.HAL_RCC_GetSysClockFreq                0x080012c0   Section        0  stm32f4xx_hal_rcc.o(i.HAL_RCC_GetSysClockFreq)
    i.HAL_RCC_OscConfig                      0x08001324   Section        0  stm32f4xx_hal_rcc.o(i.HAL_RCC_OscConfig)
    i.HAL_SYSTICK_Config                     0x08001690   Section        0  stm32f4xx_hal_cortex.o(i.HAL_SYSTICK_Config)
    i.HAL_TIMEx_BreakCallback                0x080016b8   Section        0  stm32f4xx_hal_tim_ex.o(i.HAL_TIMEx_BreakCallback)
    i.HAL_TIMEx_CommutCallback               0x080016ba   Section        0  stm32f4xx_hal_tim_ex.o(i.HAL_TIMEx_CommutCallback)
    i.HAL_TIMEx_ConfigBreakDeadTime          0x080016bc   Section        0  stm32f4xx_hal_tim_ex.o(i.HAL_TIMEx_ConfigBreakDeadTime)
    i.HAL_TIMEx_MasterConfigSynchronization  0x08001710   Section        0  stm32f4xx_hal_tim_ex.o(i.HAL_TIMEx_MasterConfigSynchronization)
    i.HAL_TIM_Base_Init                      0x080017a0   Section        0  stm32f4xx_hal_tim.o(i.HAL_TIM_Base_Init)
    i.HAL_TIM_Base_MspInit                   0x080017fc   Section        0  tim.o(i.HAL_TIM_Base_MspInit)
    i.HAL_TIM_Base_Start_IT                  0x08001848   Section        0  stm32f4xx_hal_tim.o(i.HAL_TIM_Base_Start_IT)
    i.HAL_TIM_ConfigClockSource              0x080018c8   Section        0  stm32f4xx_hal_tim.o(i.HAL_TIM_ConfigClockSource)
    i.HAL_TIM_Encoder_Init                   0x080019a4   Section        0  stm32f4xx_hal_tim.o(i.HAL_TIM_Encoder_Init)
    i.HAL_TIM_Encoder_MspInit                0x08001a48   Section        0  tim.o(i.HAL_TIM_Encoder_MspInit)
    i.HAL_TIM_Encoder_Start                  0x08001b6c   Section        0  stm32f4xx_hal_tim.o(i.HAL_TIM_Encoder_Start)
    i.HAL_TIM_IC_CaptureCallback             0x08001bfa   Section        0  stm32f4xx_hal_tim.o(i.HAL_TIM_IC_CaptureCallback)
    i.HAL_TIM_IRQHandler                     0x08001bfc   Section        0  stm32f4xx_hal_tim.o(i.HAL_TIM_IRQHandler)
    i.HAL_TIM_MspPostInit                    0x08001d2c   Section        0  tim.o(i.HAL_TIM_MspPostInit)
    i.HAL_TIM_OC_DelayElapsedCallback        0x08001d80   Section        0  stm32f4xx_hal_tim.o(i.HAL_TIM_OC_DelayElapsedCallback)
    i.HAL_TIM_PWM_ConfigChannel              0x08001d82   Section        0  stm32f4xx_hal_tim.o(i.HAL_TIM_PWM_ConfigChannel)
    i.HAL_TIM_PWM_Init                       0x08001e4e   Section        0  stm32f4xx_hal_tim.o(i.HAL_TIM_PWM_Init)
    i.HAL_TIM_PWM_MspInit                    0x08001ea8   Section        0  tim.o(i.HAL_TIM_PWM_MspInit)
    i.HAL_TIM_PWM_PulseFinishedCallback      0x08001ed0   Section        0  stm32f4xx_hal_tim.o(i.HAL_TIM_PWM_PulseFinishedCallback)
    i.HAL_TIM_PWM_Start                      0x08001ed4   Section        0  stm32f4xx_hal_tim.o(i.HAL_TIM_PWM_Start)
    i.HAL_TIM_PeriodElapsedCallback          0x08001f9c   Section        0  main.o(i.HAL_TIM_PeriodElapsedCallback)
    i.HAL_TIM_TriggerCallback                0x08001fac   Section        0  stm32f4xx_hal_tim.o(i.HAL_TIM_TriggerCallback)
    i.HAL_UARTEx_RxEventCallback             0x08001fae   Section        0  stm32f4xx_hal_uart.o(i.HAL_UARTEx_RxEventCallback)
    i.HAL_UART_ErrorCallback                 0x08001fb0   Section        0  stm32f4xx_hal_uart.o(i.HAL_UART_ErrorCallback)
    i.HAL_UART_IRQHandler                    0x08001fb4   Section        0  stm32f4xx_hal_uart.o(i.HAL_UART_IRQHandler)
    i.HAL_UART_Init                          0x08002234   Section        0  stm32f4xx_hal_uart.o(i.HAL_UART_Init)
    i.HAL_UART_MspInit                       0x08002298   Section        0  usart.o(i.HAL_UART_MspInit)
    i.HAL_UART_RxCpltCallback                0x0800254c   Section        0  stm32f4xx_hal_uart.o(i.HAL_UART_RxCpltCallback)
    i.HAL_UART_Transmit_DMA                  0x08002550   Section        0  stm32f4xx_hal_uart.o(i.HAL_UART_Transmit_DMA)
    i.HAL_UART_TxCpltCallback                0x080025d4   Section        0  app.o(i.HAL_UART_TxCpltCallback)
    i.HAL_UART_TxHalfCpltCallback            0x080025e0   Section        0  stm32f4xx_hal_uart.o(i.HAL_UART_TxHalfCpltCallback)
    i.HardFault_Handler                      0x080025e2   Section        0  stm32f4xx_it.o(i.HardFault_Handler)
    i.MX_DMA_Init                            0x080025e4   Section        0  dma.o(i.MX_DMA_Init)
    i.MX_GPIO_Init                           0x08002670   Section        0  gpio.o(i.MX_GPIO_Init)
    i.MX_TIM1_Init                           0x080027a8   Section        0  tim.o(i.MX_TIM1_Init)
    i.MX_TIM2_Init                           0x08002878   Section        0  tim.o(i.MX_TIM2_Init)
    i.MX_TIM3_Init                           0x080028e0   Section        0  tim.o(i.MX_TIM3_Init)
    i.MX_TIM4_Init                           0x0800294c   Section        0  tim.o(i.MX_TIM4_Init)
    i.MX_TIM5_Init                           0x080029b8   Section        0  tim.o(i.MX_TIM5_Init)
    i.MX_TIM8_Init                           0x08002a20   Section        0  tim.o(i.MX_TIM8_Init)
    i.MX_USART1_UART_Init                    0x08002a8c   Section        0  usart.o(i.MX_USART1_UART_Init)
    i.MX_USART2_UART_Init                    0x08002ac4   Section        0  usart.o(i.MX_USART2_UART_Init)
    i.MX_USART3_UART_Init                    0x08002afc   Section        0  usart.o(i.MX_USART3_UART_Init)
    i.MemManage_Handler                      0x08002b34   Section        0  stm32f4xx_it.o(i.MemManage_Handler)
    i.Motor_DriveDiff                        0x08002b38   Section        0  motor.o(i.Motor_DriveDiff)
    i.Motor_EncoderUpdate                    0x08002b80   Section        0  motor.o(i.Motor_EncoderUpdate)
    i.Motor_GetSpeedPps                      0x08002b98   Section        0  motor.o(i.Motor_GetSpeedPps)
    i.Motor_InitAll                          0x08002ba0   Section        0  motor.o(i.Motor_InitAll)
    i.Motor_ResetAllEncoders                 0x08002bf0   Section        0  motor.o(i.Motor_ResetAllEncoders)
    i.Motor_SetPwm                           0x08002c14   Section        0  motor.o(i.Motor_SetPwm)
    i.Motor_StopAll                          0x08002c48   Section        0  motor.o(i.Motor_StopAll)
    i.NMI_Handler                            0x08002c78   Section        0  stm32f4xx_it.o(i.NMI_Handler)
    i.OLED_Clear                             0x08002c7c   Section        0  oled.o(i.OLED_Clear)
    i.OLED_ClearArea                         0x08002ca4   Section        0  oled.o(i.OLED_ClearArea)
    i.OLED_GPIO_Init                         0x08002d00   Section        0  oled.o(i.OLED_GPIO_Init)
    i.OLED_I2C_SendByte                      0x08002d26   Section        0  oled.o(i.OLED_I2C_SendByte)
    i.OLED_I2C_Start                         0x08002d60   Section        0  oled.o(i.OLED_I2C_Start)
    i.OLED_I2C_Stop                          0x08002d7e   Section        0  oled.o(i.OLED_I2C_Stop)
    i.OLED_Init                              0x08002d96   Section        0  oled.o(i.OLED_Init)
    i.OLED_Pow                               0x08002e32   Section        0  oled.o(i.OLED_Pow)
    i.OLED_SetCursor                         0x08002e40   Section        0  oled.o(i.OLED_SetCursor)
    i.OLED_ShowChar                          0x08002e64   Section        0  oled.o(i.OLED_ShowChar)
    i.OLED_ShowImage                         0x08002ea0   Section        0  oled.o(i.OLED_ShowImage)
    i.OLED_ShowNum                           0x08002f60   Section        0  oled.o(i.OLED_ShowNum)
    i.OLED_ShowSignedNum                     0x08002fa6   Section        0  oled.o(i.OLED_ShowSignedNum)
    i.OLED_ShowString                        0x08003004   Section        0  oled.o(i.OLED_ShowString)
    i.OLED_Update                            0x0800308c   Section        0  oled.o(i.OLED_Update)
    i.OLED_W_SCL                             0x080030b4   Section        0  oled.o(i.OLED_W_SCL)
    i.OLED_W_SDA                             0x080030c4   Section        0  oled.o(i.OLED_W_SDA)
    i.OLED_WriteCommand                      0x080030d4   Section        0  oled.o(i.OLED_WriteCommand)
    i.OLED_WriteData                         0x080030f6   Section        0  oled.o(i.OLED_WriteData)
    i.PID_Clear                              0x08003128   Section        0  pid.o(i.PID_Clear)
    i.PID_Update                             0x08003144   Section        0  pid.o(i.PID_Update)
    i.PendSV_Handler                         0x08003228   Section        0  stm32f4xx_it.o(i.PendSV_Handler)
    i.SVC_Handler                            0x0800322a   Section        0  stm32f4xx_it.o(i.SVC_Handler)
    i.SetDir                                 0x0800322c   Section        0  motor.o(i.SetDir)
    SetDir                                   0x0800322d   Thumb Code    62  motor.o(i.SetDir)
    i.Start_Run                              0x0800326c   Section        0  app.o(i.Start_Run)
    Start_Run                                0x0800326d   Thumb Code    82  app.o(i.Start_Run)
    i.SysTick_Handler                        0x080032c8   Section        0  stm32f4xx_it.o(i.SysTick_Handler)
    i.SystemClock_Config                     0x080032cc   Section        0  main.o(i.SystemClock_Config)
    i.SystemInit                             0x08003360   Section        0  system_stm32f4xx.o(i.SystemInit)
    i.TIM5_IRQHandler                        0x08003370   Section        0  stm32f4xx_it.o(i.TIM5_IRQHandler)
    i.TIM_Base_SetConfig                     0x0800337c   Section        0  stm32f4xx_hal_tim.o(i.TIM_Base_SetConfig)
    i.TIM_CCxChannelCmd                      0x0800344c   Section        0  stm32f4xx_hal_tim.o(i.TIM_CCxChannelCmd)
    i.TIM_ETR_SetConfig                      0x08003466   Section        0  stm32f4xx_hal_tim.o(i.TIM_ETR_SetConfig)
    i.TIM_ITRx_SetConfig                     0x0800347a   Section        0  stm32f4xx_hal_tim.o(i.TIM_ITRx_SetConfig)
    TIM_ITRx_SetConfig                       0x0800347b   Thumb Code    16  stm32f4xx_hal_tim.o(i.TIM_ITRx_SetConfig)
    i.TIM_OC1_SetConfig                      0x0800348c   Section        0  stm32f4xx_hal_tim.o(i.TIM_OC1_SetConfig)
    TIM_OC1_SetConfig                        0x0800348d   Thumb Code    88  stm32f4xx_hal_tim.o(i.TIM_OC1_SetConfig)
    i.TIM_OC2_SetConfig                      0x080034ec   Section        0  stm32f4xx_hal_tim.o(i.TIM_OC2_SetConfig)
    i.TIM_OC3_SetConfig                      0x08003558   Section        0  stm32f4xx_hal_tim.o(i.TIM_OC3_SetConfig)
    TIM_OC3_SetConfig                        0x08003559   Thumb Code    96  stm32f4xx_hal_tim.o(i.TIM_OC3_SetConfig)
    i.TIM_OC4_SetConfig                      0x080035c0   Section        0  stm32f4xx_hal_tim.o(i.TIM_OC4_SetConfig)
    TIM_OC4_SetConfig                        0x080035c1   Thumb Code    70  stm32f4xx_hal_tim.o(i.TIM_OC4_SetConfig)
    i.TIM_TI1_ConfigInputStage               0x08003610   Section        0  stm32f4xx_hal_tim.o(i.TIM_TI1_ConfigInputStage)
    TIM_TI1_ConfigInputStage                 0x08003611   Thumb Code    34  stm32f4xx_hal_tim.o(i.TIM_TI1_ConfigInputStage)
    i.TIM_TI2_ConfigInputStage               0x08003632   Section        0  stm32f4xx_hal_tim.o(i.TIM_TI2_ConfigInputStage)
    TIM_TI2_ConfigInputStage                 0x08003633   Thumb Code    36  stm32f4xx_hal_tim.o(i.TIM_TI2_ConfigInputStage)
    i.UART_DMAAbortOnError                   0x08003656   Section        0  stm32f4xx_hal_uart.o(i.UART_DMAAbortOnError)
    UART_DMAAbortOnError                     0x08003657   Thumb Code    14  stm32f4xx_hal_uart.o(i.UART_DMAAbortOnError)
    i.UART_DMAError                          0x08003664   Section        0  stm32f4xx_hal_uart.o(i.UART_DMAError)
    UART_DMAError                            0x08003665   Thumb Code    74  stm32f4xx_hal_uart.o(i.UART_DMAError)
    i.UART_DMATransmitCplt                   0x080036ae   Section        0  stm32f4xx_hal_uart.o(i.UART_DMATransmitCplt)
    UART_DMATransmitCplt                     0x080036af   Thumb Code    66  stm32f4xx_hal_uart.o(i.UART_DMATransmitCplt)
    i.UART_DMATxHalfCplt                     0x080036f0   Section        0  stm32f4xx_hal_uart.o(i.UART_DMATxHalfCplt)
    UART_DMATxHalfCplt                       0x080036f1   Thumb Code    10  stm32f4xx_hal_uart.o(i.UART_DMATxHalfCplt)
    i.UART_EndRxTransfer                     0x080036fa   Section        0  stm32f4xx_hal_uart.o(i.UART_EndRxTransfer)
    UART_EndRxTransfer                       0x080036fb   Thumb Code    78  stm32f4xx_hal_uart.o(i.UART_EndRxTransfer)
    i.UART_EndTxTransfer                     0x08003748   Section        0  stm32f4xx_hal_uart.o(i.UART_EndTxTransfer)
    UART_EndTxTransfer                       0x08003749   Thumb Code    28  stm32f4xx_hal_uart.o(i.UART_EndTxTransfer)
    i.UART_Receive_IT                        0x08003764   Section        0  stm32f4xx_hal_uart.o(i.UART_Receive_IT)
    UART_Receive_IT                          0x08003765   Thumb Code   194  stm32f4xx_hal_uart.o(i.UART_Receive_IT)
    i.UART_SetConfig                         0x08003828   Section        0  stm32f4xx_hal_uart.o(i.UART_SetConfig)
    UART_SetConfig                           0x08003829   Thumb Code   258  stm32f4xx_hal_uart.o(i.UART_SetConfig)
    i.USART1_IRQHandler                      0x08003934   Section        0  stm32f4xx_it.o(i.USART1_IRQHandler)
    i.USART2_IRQHandler                      0x08003940   Section        0  stm32f4xx_it.o(i.USART2_IRQHandler)
    i.UsageFault_Handler                     0x0800394c   Section        0  stm32f4xx_it.o(i.UsageFault_Handler)
    i.Vofa_Send                              0x08003950   Section        0  app.o(i.Vofa_Send)
    Vofa_Send                                0x08003951   Thumb Code   108  app.o(i.Vofa_Send)
    i.__NVIC_SetPriority                     0x080039c8   Section        0  stm32f4xx_hal_cortex.o(i.__NVIC_SetPriority)
    __NVIC_SetPriority                       0x080039c9   Thumb Code    32  stm32f4xx_hal_cortex.o(i.__NVIC_SetPriority)
    i.append_fixed2                          0x080039e8   Section        0  app.o(i.append_fixed2)
    append_fixed2                            0x080039e9   Thumb Code   262  app.o(i.append_fixed2)
    i.main                                   0x08003b04   Section        0  main.o(i.main)
    x$fpl$fpinit                             0x08003d48   Section       10  fpinit.o(x$fpl$fpinit)
    $v0                                      0x08003d48   Number         0  fpinit.o(x$fpl$fpinit)
    .constdata                               0x08003d52   Section     1520  oled_data.o(.constdata)
    .constdata                               0x08004342   Section      570  oled_data.o(.constdata)
    .constdata                               0x0800457c   Section      104  app.o(.constdata)
    TRACK_WEIGHT                             0x0800457c   Data           8  app.o(.constdata)
    PROFILE_KEY2                             0x08004584   Data          32  app.o(.constdata)
    PROFILE_KEY3                             0x080045a4   Data          32  app.o(.constdata)
    PROFILE_KEY4                             0x080045c4   Data          32  app.o(.constdata)
    .constdata                               0x080045e4   Section        8  stm32f4xx_hal_dma.o(.constdata)
    flagBitshiftOffset                       0x080045e4   Data           8  stm32f4xx_hal_dma.o(.constdata)
    .constdata                               0x080045ec   Section       16  system_stm32f4xx.o(.constdata)
    .constdata                               0x080045fc   Section        8  system_stm32f4xx.o(.constdata)
    .data                                    0x20000000   Section       80  motor.o(.data)
    .data                                    0x20000050   Section      260  app.o(.data)
    stopped_by_sensor                        0x20000052   Data           1  app.o(.data)
    key_prev                                 0x20000055   Data           1  app.o(.data)
    key_cnt                                  0x20000056   Data           1  app.o(.data)
    key_confirmed                            0x20000057   Data           1  app.o(.data)
    key3_prev                                0x20000058   Data           1  app.o(.data)
    key3_cnt                                 0x20000059   Data           1  app.o(.data)
    key3_confirmed                           0x2000005a   Data           1  app.o(.data)
    key4_prev                                0x2000005b   Data           1  app.o(.data)
    key4_cnt                                 0x2000005c   Data           1  app.o(.data)
    key4_confirmed                           0x2000005d   Data           1  app.o(.data)
    track_detected_prev                      0x2000005e   Data           1  app.o(.data)
    last_err                                 0x2000006a   Data           2  app.o(.data)
    run_start_tick                           0x20000084   Data           4  app.o(.data)
    g_profile                                0x20000088   Data           4  app.o(.data)
    last_target_L                            0x2000008c   Data           4  app.o(.data)
    last_target_R                            0x20000090   Data           4  app.o(.data)
    pid_L                                    0x20000094   Data          64  app.o(.data)
    pid_R                                    0x200000d4   Data          64  app.o(.data)
    pid_Steer                                0x20000114   Data          64  app.o(.data)
    .data                                    0x20000154   Section        8  bsp_gray_sensor.o(.data)
    .data                                    0x2000015c   Section        4  main.o(.data)
    last_disp                                0x2000015c   Data           4  main.o(.data)
    .data                                    0x20000160   Section       12  stm32f4xx_hal.o(.data)
    .data                                    0x2000016c   Section        4  system_stm32f4xx.o(.data)
    .bss                                     0x20000170   Section     1024  oled.o(.bss)
    .bss                                     0x20000570   Section      160  app.o(.bss)
    uart_tx_buf                              0x20000570   Data         160  app.o(.bss)
    .bss                                     0x20000610   Section      432  tim.o(.bss)
    .bss                                     0x200007c0   Section      792  usart.o(.bss)
    .bss                                     0x20000ad8   Section       96  libspace.o(.bss)
    HEAP                                     0x20000b38   Section      512  startup_stm32f407xx.o(HEAP)
    Heap_Mem                                 0x20000b38   Data         512  startup_stm32f407xx.o(HEAP)
    STACK                                    0x20000d38   Section     1024  startup_stm32f407xx.o(STACK)
    Stack_Mem                                0x20000d38   Data        1024  startup_stm32f407xx.o(STACK)
    __initial_sp                             0x20001138   Data           0  startup_stm32f407xx.o(STACK)

    Global Symbols

    Symbol Name                              Value     Ov Type        Size  Object(Section)

    BuildAttributes$$THM_ISAv4$E$P$D$K$B$S$7EM$VFPi3$EXTD16$VFPS$VFMA$PE$A:L22UL41UL21$X:L11$S22US41US21$IEEE1$IW$USESV6$~STKCKD$USESV7$~SHL$OTIME$ROPI$IEEEX$EBA8$UX$STANDARDLIB$REQ8$PRES8$EABIv2 0x00000000   Number         0  anon$$obj.o ABSOLUTE
    __ARM_use_no_argv                        0x00000000   Number         0  main.o ABSOLUTE
    _printf_flags                            0x00000000   Number         0  printf_stubs.o ABSOLUTE
    _printf_return_value                     0x00000000   Number         0  printf_stubs.o ABSOLUTE
    _printf_sizespec                         0x00000000   Number         0  printf_stubs.o ABSOLUTE
    _printf_widthprec                        0x00000000   Number         0  printf_stubs.o ABSOLUTE
    __ARM_exceptions_init                     - Undefined Weak Reference
    __alloca_initialize                       - Undefined Weak Reference
    __arm_fini_                               - Undefined Weak Reference
    __arm_preinit_                            - Undefined Weak Reference
    __cpp_initialize__aeabi_                  - Undefined Weak Reference
    __cxa_finalize                            - Undefined Weak Reference
    __sigvec_lookup                           - Undefined Weak Reference
    _atexit_init                              - Undefined Weak Reference
    _call_atexit_fns                          - Undefined Weak Reference
    _clock_init                               - Undefined Weak Reference
    _fp_trap_init                             - Undefined Weak Reference
    _fp_trap_shutdown                         - Undefined Weak Reference
    _get_lc_collate                           - Undefined Weak Reference
    _get_lc_monetary                          - Undefined Weak Reference
    _get_lc_time                              - Undefined Weak Reference
    _getenv_init                              - Undefined Weak Reference
    _handle_redirection                       - Undefined Weak Reference
    _init_alloc                               - Undefined Weak Reference
    _init_user_alloc                          - Undefined Weak Reference
    _initio                                   - Undefined Weak Reference
    _printf_mbtowc                            - Undefined Weak Reference
    _printf_wc                                - Undefined Weak Reference
    _rand_init                                - Undefined Weak Reference
    _signal_finish                            - Undefined Weak Reference
    _signal_init                              - Undefined Weak Reference
    _terminate_alloc                          - Undefined Weak Reference
    _terminate_user_alloc                     - Undefined Weak Reference
    _terminateio                              - Undefined Weak Reference
    __Vectors_Size                           0x00000188   Number         0  startup_stm32f407xx.o ABSOLUTE
    __Vectors                                0x08000000   Data           4  startup_stm32f407xx.o(RESET)
    __Vectors_End                            0x08000188   Data           0  startup_stm32f407xx.o(RESET)
    __main                                   0x08000189   Thumb Code     8  __main.o(!!!main)
    __scatterload                            0x08000191   Thumb Code     0  __scatter.o(!!!scatter)
    __scatterload_rt2                        0x08000191   Thumb Code    44  __scatter.o(!!!scatter)
    __scatterload_rt2_thumb_only             0x08000191   Thumb Code     0  __scatter.o(!!!scatter)
    __scatterload_null                       0x0800019f   Thumb Code     0  __scatter.o(!!!scatter)
    __decompress                             0x080001c5   Thumb Code    90  __dczerorl2.o(!!dczerorl2)
    __decompress1                            0x080001c5   Thumb Code     0  __dczerorl2.o(!!dczerorl2)
    __scatterload_zeroinit                   0x08000221   Thumb Code    28  __scatter_zi.o(!!handler_zi)
    __rt_lib_init                            0x0800023d   Thumb Code     0  libinit.o(.ARM.Collect$$libinit$$00000000)
    __rt_lib_init_fp_1                       0x0800023f   Thumb Code     0  libinit2.o(.ARM.Collect$$libinit$$00000001)
    __rt_lib_init_alloca_1                   0x08000243   Thumb Code     0  libinit2.o(.ARM.Collect$$libinit$$0000002E)
    __rt_lib_init_argv_1                     0x08000243   Thumb Code     0  libinit2.o(.ARM.Collect$$libinit$$0000002C)
    __rt_lib_init_atexit_1                   0x08000243   Thumb Code     0  libinit2.o(.ARM.Collect$$libinit$$0000001B)
    __rt_lib_init_clock_1                    0x08000243   Thumb Code     0  libinit2.o(.ARM.Collect$$libinit$$00000021)
    __rt_lib_init_cpp_1                      0x08000243   Thumb Code     0  libinit2.o(.ARM.Collect$$libinit$$00000032)
    __rt_lib_init_exceptions_1               0x08000243   Thumb Code     0  libinit2.o(.ARM.Collect$$libinit$$00000030)
    __rt_lib_init_fp_trap_1                  0x08000243   Thumb Code     0  libinit2.o(.ARM.Collect$$libinit$$0000001F)
    __rt_lib_init_getenv_1                   0x08000243   Thumb Code     0  libinit2.o(.ARM.Collect$$libinit$$00000023)
    __rt_lib_init_heap_1                     0x08000243   Thumb Code     0  libinit2.o(.ARM.Collect$$libinit$$0000000A)
    __rt_lib_init_lc_collate_1               0x08000243   Thumb Code     0  libinit2.o(.ARM.Collect$$libinit$$00000011)
    __rt_lib_init_lc_ctype_1                 0x08000243   Thumb Code     0  libinit2.o(.ARM.Collect$$libinit$$00000013)
    __rt_lib_init_lc_monetary_1              0x08000243   Thumb Code     0  libinit2.o(.ARM.Collect$$libinit$$00000015)
    __rt_lib_init_lc_numeric_1               0x08000243   Thumb Code     0  libinit2.o(.ARM.Collect$$libinit$$00000017)
    __rt_lib_init_lc_time_1                  0x08000243   Thumb Code     0  libinit2.o(.ARM.Collect$$libinit$$00000019)
    __rt_lib_init_preinit_1                  0x08000243   Thumb Code     0  libinit2.o(.ARM.Collect$$libinit$$00000004)
    __rt_lib_init_rand_1                     0x08000243   Thumb Code     0  libinit2.o(.ARM.Collect$$libinit$$0000000E)
    __rt_lib_init_return                     0x08000243   Thumb Code     0  libinit2.o(.ARM.Collect$$libinit$$00000033)
    __rt_lib_init_signal_1                   0x08000243   Thumb Code     0  libinit2.o(.ARM.Collect$$libinit$$0000001D)
    __rt_lib_init_stdio_1                    0x08000243   Thumb Code     0  libinit2.o(.ARM.Collect$$libinit$$00000025)
    __rt_lib_init_user_alloc_1               0x08000243   Thumb Code     0  libinit2.o(.ARM.Collect$$libinit$$0000000C)
    __rt_lib_shutdown                        0x08000245   Thumb Code     0  libshutdown.o(.ARM.Collect$$libshutdown$$00000000)
    __rt_lib_shutdown_cpp_1                  0x08000247   Thumb Code     0  libshutdown2.o(.ARM.Collect$$libshutdown$$00000004)
    __rt_lib_shutdown_fini_1                 0x08000247   Thumb Code     0  libshutdown2.o(.ARM.Collect$$libshutdown$$00000002)
    __rt_lib_shutdown_fp_trap_1              0x08000247   Thumb Code     0  libshutdown2.o(.ARM.Collect$$libshutdown$$00000009)
    __rt_lib_shutdown_heap_1                 0x08000247   Thumb Code     0  libshutdown2.o(.ARM.Collect$$libshutdown$$00000011)
    __rt_lib_shutdown_return                 0x08000247   Thumb Code     0  libshutdown2.o(.ARM.Collect$$libshutdown$$00000012)
    __rt_lib_shutdown_signal_1               0x08000247   Thumb Code     0  libshutdown2.o(.ARM.Collect$$libshutdown$$0000000C)
    __rt_lib_shutdown_stdio_1                0x08000247   Thumb Code     0  libshutdown2.o(.ARM.Collect$$libshutdown$$00000006)
    __rt_lib_shutdown_user_alloc_1           0x08000247   Thumb Code     0  libshutdown2.o(.ARM.Collect$$libshutdown$$0000000E)
    __rt_entry                               0x08000249   Thumb Code     0  __rtentry.o(.ARM.Collect$$rtentry$$00000000)
    __rt_entry_presh_1                       0x08000249   Thumb Code     0  __rtentry2.o(.ARM.Collect$$rtentry$$00000002)
    __rt_entry_sh                            0x08000249   Thumb Code     0  __rtentry4.o(.ARM.Collect$$rtentry$$00000004)
    __rt_entry_li                            0x0800024f   Thumb Code     0  __rtentry2.o(.ARM.Collect$$rtentry$$0000000A)
    __rt_entry_postsh_1                      0x0800024f   Thumb Code     0  __rtentry2.o(.ARM.Collect$$rtentry$$00000009)
    __rt_entry_main                          0x08000253   Thumb Code     0  __rtentry2.o(.ARM.Collect$$rtentry$$0000000D)
    __rt_entry_postli_1                      0x08000253   Thumb Code     0  __rtentry2.o(.ARM.Collect$$rtentry$$0000000C)
    __rt_exit                                0x0800025b   Thumb Code     0  rtexit.o(.ARM.Collect$$rtexit$$00000000)
    __rt_exit_ls                             0x0800025d   Thumb Code     0  rtexit2.o(.ARM.Collect$$rtexit$$00000003)
    __rt_exit_prels_1                        0x0800025d   Thumb Code     0  rtexit2.o(.ARM.Collect$$rtexit$$00000002)
    __rt_exit_exit                           0x08000261   Thumb Code     0  rtexit2.o(.ARM.Collect$$rtexit$$00000004)
    Reset_Handler                            0x08000269   Thumb Code     8  startup_stm32f407xx.o(.text)
    ADC_IRQHandler                           0x08000283   Thumb Code     0  startup_stm32f407xx.o(.text)
    CAN1_RX0_IRQHandler                      0x08000283   Thumb Code     0  startup_stm32f407xx.o(.text)
    CAN1_RX1_IRQHandler                      0x08000283   Thumb Code     0  startup_stm32f407xx.o(.text)
    CAN1_SCE_IRQHandler                      0x08000283   Thumb Code     0  startup_stm32f407xx.o(.text)
    CAN1_TX_IRQHandler                       0x08000283   Thumb Code     0  startup_stm32f407xx.o(.text)
    CAN2_RX0_IRQHandler                      0x08000283   Thumb Code     0  startup_stm32f407xx.o(.text)
    CAN2_RX1_IRQHandler                      0x08000283   Thumb Code     0  startup_stm32f407xx.o(.text)
    CAN2_SCE_IRQHandler                      0x08000283   Thumb Code     0  startup_stm32f407xx.o(.text)
    CAN2_TX_IRQHandler                       0x08000283   Thumb Code     0  startup_stm32f407xx.o(.text)
    DCMI_IRQHandler                          0x08000283   Thumb Code     0  startup_stm32f407xx.o(.text)
    DMA1_Stream0_IRQHandler                  0x08000283   Thumb Code     0  startup_stm32f407xx.o(.text)
    DMA1_Stream2_IRQHandler                  0x08000283   Thumb Code     0  startup_stm32f407xx.o(.text)
    DMA1_Stream4_IRQHandler                  0x08000283   Thumb Code     0  startup_stm32f407xx.o(.text)
    DMA1_Stream7_IRQHandler                  0x08000283   Thumb Code     0  startup_stm32f407xx.o(.text)
    DMA2_Stream0_IRQHandler                  0x08000283   Thumb Code     0  startup_stm32f407xx.o(.text)
    DMA2_Stream1_IRQHandler                  0x08000283   Thumb Code     0  startup_stm32f407xx.o(.text)
    DMA2_Stream3_IRQHandler                  0x08000283   Thumb Code     0  startup_stm32f407xx.o(.text)
    DMA2_Stream4_IRQHandler                  0x08000283   Thumb Code     0  startup_stm32f407xx.o(.text)
    DMA2_Stream5_IRQHandler                  0x08000283   Thumb Code     0  startup_stm32f407xx.o(.text)
    DMA2_Stream6_IRQHandler                  0x08000283   Thumb Code     0  startup_stm32f407xx.o(.text)
    ETH_IRQHandler                           0x08000283   Thumb Code     0  startup_stm32f407xx.o(.text)
    ETH_WKUP_IRQHandler                      0x08000283   Thumb Code     0  startup_stm32f407xx.o(.text)
    EXTI0_IRQHandler                         0x08000283   Thumb Code     0  startup_stm32f407xx.o(.text)
    EXTI15_10_IRQHandler                     0x08000283   Thumb Code     0  startup_stm32f407xx.o(.text)
    EXTI1_IRQHandler                         0x08000283   Thumb Code     0  startup_stm32f407xx.o(.text)
    EXTI2_IRQHandler                         0x08000283   Thumb Code     0  startup_stm32f407xx.o(.text)
    EXTI3_IRQHandler                         0x08000283   Thumb Code     0  startup_stm32f407xx.o(.text)
    EXTI4_IRQHandler                         0x08000283   Thumb Code     0  startup_stm32f407xx.o(.text)
    EXTI9_5_IRQHandler                       0x08000283   Thumb Code     0  startup_stm32f407xx.o(.text)
    FLASH_IRQHandler                         0x08000283   Thumb Code     0  startup_stm32f407xx.o(.text)
    FMC_IRQHandler                           0x08000283   Thumb Code     0  startup_stm32f407xx.o(.text)
    FPU_IRQHandler                           0x08000283   Thumb Code     0  startup_stm32f407xx.o(.text)
    HASH_RNG_IRQHandler                      0x08000283   Thumb Code     0  startup_stm32f407xx.o(.text)
    I2C1_ER_IRQHandler                       0x08000283   Thumb Code     0  startup_stm32f407xx.o(.text)
    I2C1_EV_IRQHandler                       0x08000283   Thumb Code     0  startup_stm32f407xx.o(.text)
    I2C2_ER_IRQHandler                       0x08000283   Thumb Code     0  startup_stm32f407xx.o(.text)
    I2C2_EV_IRQHandler                       0x08000283   Thumb Code     0  startup_stm32f407xx.o(.text)
    I2C3_ER_IRQHandler                       0x08000283   Thumb Code     0  startup_stm32f407xx.o(.text)
    I2C3_EV_IRQHandler                       0x08000283   Thumb Code     0  startup_stm32f407xx.o(.text)
    OTG_FS_IRQHandler                        0x08000283   Thumb Code     0  startup_stm32f407xx.o(.text)
    OTG_FS_WKUP_IRQHandler                   0x08000283   Thumb Code     0  startup_stm32f407xx.o(.text)
    OTG_HS_EP1_IN_IRQHandler                 0x08000283   Thumb Code     0  startup_stm32f407xx.o(.text)
    OTG_HS_EP1_OUT_IRQHandler                0x08000283   Thumb Code     0  startup_stm32f407xx.o(.text)
    OTG_HS_IRQHandler                        0x08000283   Thumb Code     0  startup_stm32f407xx.o(.text)
    OTG_HS_WKUP_IRQHandler                   0x08000283   Thumb Code     0  startup_stm32f407xx.o(.text)
    PVD_IRQHandler                           0x08000283   Thumb Code     0  startup_stm32f407xx.o(.text)
    RCC_IRQHandler                           0x08000283   Thumb Code     0  startup_stm32f407xx.o(.text)
    RTC_Alarm_IRQHandler                     0x08000283   Thumb Code     0  startup_stm32f407xx.o(.text)
    RTC_WKUP_IRQHandler                      0x08000283   Thumb Code     0  startup_stm32f407xx.o(.text)
    SDIO_IRQHandler                          0x08000283   Thumb Code     0  startup_stm32f407xx.o(.text)
    SPI1_IRQHandler                          0x08000283   Thumb Code     0  startup_stm32f407xx.o(.text)
    SPI2_IRQHandler                          0x08000283   Thumb Code     0  startup_stm32f407xx.o(.text)
    SPI3_IRQHandler                          0x08000283   Thumb Code     0  startup_stm32f407xx.o(.text)
    TAMP_STAMP_IRQHandler                    0x08000283   Thumb Code     0  startup_stm32f407xx.o(.text)
    TIM1_BRK_TIM9_IRQHandler                 0x08000283   Thumb Code     0  startup_stm32f407xx.o(.text)
    TIM1_CC_IRQHandler                       0x08000283   Thumb Code     0  startup_stm32f407xx.o(.text)
    TIM1_TRG_COM_TIM11_IRQHandler            0x08000283   Thumb Code     0  startup_stm32f407xx.o(.text)
    TIM1_UP_TIM10_IRQHandler                 0x08000283   Thumb Code     0  startup_stm32f407xx.o(.text)
    TIM2_IRQHandler                          0x08000283   Thumb Code     0  startup_stm32f407xx.o(.text)
    TIM3_IRQHandler                          0x08000283   Thumb Code     0  startup_stm32f407xx.o(.text)
    TIM4_IRQHandler                          0x08000283   Thumb Code     0  startup_stm32f407xx.o(.text)
    TIM6_DAC_IRQHandler                      0x08000283   Thumb Code     0  startup_stm32f407xx.o(.text)
    TIM7_IRQHandler                          0x08000283   Thumb Code     0  startup_stm32f407xx.o(.text)
    TIM8_BRK_TIM12_IRQHandler                0x08000283   Thumb Code     0  startup_stm32f407xx.o(.text)
    TIM8_CC_IRQHandler                       0x08000283   Thumb Code     0  startup_stm32f407xx.o(.text)
    TIM8_TRG_COM_TIM14_IRQHandler            0x08000283   Thumb Code     0  startup_stm32f407xx.o(.text)
    TIM8_UP_TIM13_IRQHandler                 0x08000283   Thumb Code     0  startup_stm32f407xx.o(.text)
    UART4_IRQHandler                         0x08000283   Thumb Code     0  startup_stm32f407xx.o(.text)
    UART5_IRQHandler                         0x08000283   Thumb Code     0  startup_stm32f407xx.o(.text)
    USART3_IRQHandler                        0x08000283   Thumb Code     0  startup_stm32f407xx.o(.text)
    USART6_IRQHandler                        0x08000283   Thumb Code     0  startup_stm32f407xx.o(.text)
    WWDG_IRQHandler                          0x08000283   Thumb Code     0  startup_stm32f407xx.o(.text)
    __user_initial_stackheap                 0x08000285   Thumb Code     0  startup_stm32f407xx.o(.text)
    __aeabi_uldivmod                         0x080002a9   Thumb Code     0  lludivv7m.o(.text)
    _ll_udiv                                 0x080002a9   Thumb Code   238  lludivv7m.o(.text)
    __aeabi_memclr4                          0x08000397   Thumb Code     0  rt_memclr_w.o(.text)
    __aeabi_memclr8                          0x08000397   Thumb Code     0  rt_memclr_w.o(.text)
    __rt_memclr_w                            0x08000397   Thumb Code    78  rt_memclr_w.o(.text)
    _memset_w                                0x0800039b   Thumb Code     0  rt_memclr_w.o(.text)
    __use_two_region_memory                  0x080003e5   Thumb Code     2  heapauxi.o(.text)
    __rt_heap_escrow$2region                 0x080003e7   Thumb Code     2  heapauxi.o(.text)
    __rt_heap_expand$2region                 0x080003e9   Thumb Code     2  heapauxi.o(.text)
    __user_libspace                          0x080003ed   Thumb Code     8  libspace.o(.text)
    __user_perproc_libspace                  0x080003ed   Thumb Code     0  libspace.o(.text)
    __user_perthread_libspace                0x080003ed   Thumb Code     0  libspace.o(.text)
    __user_setup_stackheap                   0x080003f5   Thumb Code    74  sys_stackheap_outer.o(.text)
    exit                                     0x0800043f   Thumb Code    18  exit.o(.text)
    _sys_exit                                0x08000451   Thumb Code     8  sys_exit.o(.text)
    __I$use$semihosting                      0x0800045d   Thumb Code     0  use_no_semi.o(.text)
    __use_no_semihosting_swi                 0x0800045d   Thumb Code     2  use_no_semi.o(.text)
    __semihosting_library_function           0x0800045f   Thumb Code     0  indicate_semi.o(.text)
    App_Init                                 0x08000461   Thumb Code    86  app.o(i.App_Init)
    App_KeyScan                              0x080004c9   Thumb Code   310  app.o(i.App_KeyScan)
    BusFault_Handler                         0x0800064d   Thumb Code     2  stm32f4xx_it.o(i.BusFault_Handler)
    Cascade_Update                           0x08000651   Thumb Code   650  app.o(i.Cascade_Update)
    DMA1_Stream1_IRQHandler                  0x080008fd   Thumb Code     6  stm32f4xx_it.o(i.DMA1_Stream1_IRQHandler)
    DMA1_Stream3_IRQHandler                  0x08000909   Thumb Code     6  stm32f4xx_it.o(i.DMA1_Stream3_IRQHandler)
    DMA1_Stream5_IRQHandler                  0x08000915   Thumb Code     6  stm32f4xx_it.o(i.DMA1_Stream5_IRQHandler)
    DMA1_Stream6_IRQHandler                  0x08000921   Thumb Code     6  stm32f4xx_it.o(i.DMA1_Stream6_IRQHandler)
    DMA2_Stream2_IRQHandler                  0x0800092d   Thumb Code     6  stm32f4xx_it.o(i.DMA2_Stream2_IRQHandler)
    DMA2_Stream7_IRQHandler                  0x08000939   Thumb Code     6  stm32f4xx_it.o(i.DMA2_Stream7_IRQHandler)
    DebugMon_Handler                         0x080009e9   Thumb Code     2  stm32f4xx_it.o(i.DebugMon_Handler)
    Error_Handler                            0x080009eb   Thumb Code     4  main.o(i.Error_Handler)
    GraySensor_Init                          0x080009ef   Thumb Code     4  bsp_gray_sensor.o(i.GraySensor_Init)
    GraySensor_Read                          0x080009f5   Thumb Code   106  bsp_gray_sensor.o(i.GraySensor_Read)
    HAL_DMA_Abort                            0x08000a6d   Thumb Code   146  stm32f4xx_hal_dma.o(i.HAL_DMA_Abort)
    HAL_DMA_Abort_IT                         0x08000aff   Thumb Code    36  stm32f4xx_hal_dma.o(i.HAL_DMA_Abort_IT)
    HAL_DMA_IRQHandler                       0x08000b25   Thumb Code   412  stm32f4xx_hal_dma.o(i.HAL_DMA_IRQHandler)
    HAL_DMA_Init                             0x08000cc5   Thumb Code   206  stm32f4xx_hal_dma.o(i.HAL_DMA_Init)
    HAL_DMA_Start_IT                         0x08000d99   Thumb Code   110  stm32f4xx_hal_dma.o(i.HAL_DMA_Start_IT)
    HAL_GPIO_Init                            0x08000e09   Thumb Code   450  stm32f4xx_hal_gpio.o(i.HAL_GPIO_Init)
    HAL_GPIO_ReadPin                         0x08000ff9   Thumb Code    10  stm32f4xx_hal_gpio.o(i.HAL_GPIO_ReadPin)
    HAL_GPIO_WritePin                        0x08001003   Thumb Code    10  stm32f4xx_hal_gpio.o(i.HAL_GPIO_WritePin)
    HAL_GetTick                              0x0800100d   Thumb Code     6  stm32f4xx_hal.o(i.HAL_GetTick)
    HAL_IncTick                              0x08001019   Thumb Code    12  stm32f4xx_hal.o(i.HAL_IncTick)
    HAL_Init                                 0x08001029   Thumb Code    48  stm32f4xx_hal.o(i.HAL_Init)
    HAL_InitTick                             0x0800105d   Thumb Code    54  stm32f4xx_hal.o(i.HAL_InitTick)
    HAL_MspInit                              0x0800109d   Thumb Code    42  stm32f4xx_hal_msp.o(i.HAL_MspInit)
    HAL_NVIC_EnableIRQ                       0x080010cd   Thumb Code    26  stm32f4xx_hal_cortex.o(i.HAL_NVIC_EnableIRQ)
    HAL_NVIC_SetPriority                     0x080010e9   Thumb Code    60  stm32f4xx_hal_cortex.o(i.HAL_NVIC_SetPriority)
    HAL_NVIC_SetPriorityGrouping             0x08001129   Thumb Code    26  stm32f4xx_hal_cortex.o(i.HAL_NVIC_SetPriorityGrouping)
    HAL_RCC_ClockConfig                      0x0800114d   Thumb Code   288  stm32f4xx_hal_rcc.o(i.HAL_RCC_ClockConfig)
    HAL_RCC_GetPCLK1Freq                     0x08001281   Thumb Code    20  stm32f4xx_hal_rcc.o(i.HAL_RCC_GetPCLK1Freq)
    HAL_RCC_GetPCLK2Freq                     0x080012a1   Thumb Code    20  stm32f4xx_hal_rcc.o(i.HAL_RCC_GetPCLK2Freq)
    HAL_RCC_GetSysClockFreq                  0x080012c1   Thumb Code    88  stm32f4xx_hal_rcc.o(i.HAL_RCC_GetSysClockFreq)
    HAL_RCC_OscConfig                        0x08001325   Thumb Code   856  stm32f4xx_hal_rcc.o(i.HAL_RCC_OscConfig)
    HAL_SYSTICK_Config                       0x08001691   Thumb Code    40  stm32f4xx_hal_cortex.o(i.HAL_SYSTICK_Config)
    HAL_TIMEx_BreakCallback                  0x080016b9   Thumb Code     2  stm32f4xx_hal_tim_ex.o(i.HAL_TIMEx_BreakCallback)
    HAL_TIMEx_CommutCallback                 0x080016bb   Thumb Code     2  stm32f4xx_hal_tim_ex.o(i.HAL_TIMEx_CommutCallback)
    HAL_TIMEx_ConfigBreakDeadTime            0x080016bd   Thumb Code    84  stm32f4xx_hal_tim_ex.o(i.HAL_TIMEx_ConfigBreakDeadTime)
    HAL_TIMEx_MasterConfigSynchronization    0x08001711   Thumb Code   116  stm32f4xx_hal_tim_ex.o(i.HAL_TIMEx_MasterConfigSynchronization)
    HAL_TIM_Base_Init                        0x080017a1   Thumb Code    90  stm32f4xx_hal_tim.o(i.HAL_TIM_Base_Init)
    HAL_TIM_Base_MspInit                     0x080017fd   Thumb Code    66  tim.o(i.HAL_TIM_Base_MspInit)
    HAL_TIM_Base_Start_IT                    0x08001849   Thumb Code   100  stm32f4xx_hal_tim.o(i.HAL_TIM_Base_Start_IT)
    HAL_TIM_ConfigClockSource                0x080018c9   Thumb Code   220  stm32f4xx_hal_tim.o(i.HAL_TIM_ConfigClockSource)
    HAL_TIM_Encoder_Init                     0x080019a5   Thumb Code   164  stm32f4xx_hal_tim.o(i.HAL_TIM_Encoder_Init)
    HAL_TIM_Encoder_MspInit                  0x08001a49   Thumb Code   262  tim.o(i.HAL_TIM_Encoder_MspInit)
    HAL_TIM_Encoder_Start                    0x08001b6d   Thumb Code   142  stm32f4xx_hal_tim.o(i.HAL_TIM_Encoder_Start)
    HAL_TIM_IC_CaptureCallback               0x08001bfb   Thumb Code     2  stm32f4xx_hal_tim.o(i.HAL_TIM_IC_CaptureCallback)
    HAL_TIM_IRQHandler                       0x08001bfd   Thumb Code   304  stm32f4xx_hal_tim.o(i.HAL_TIM_IRQHandler)
    HAL_TIM_MspPostInit                      0x08001d2d   Thumb Code    72  tim.o(i.HAL_TIM_MspPostInit)
    HAL_TIM_OC_DelayElapsedCallback          0x08001d81   Thumb Code     2  stm32f4xx_hal_tim.o(i.HAL_TIM_OC_DelayElapsedCallback)
    HAL_TIM_PWM_ConfigChannel                0x08001d83   Thumb Code   204  stm32f4xx_hal_tim.o(i.HAL_TIM_PWM_ConfigChannel)
    HAL_TIM_PWM_Init                         0x08001e4f   Thumb Code    90  stm32f4xx_hal_tim.o(i.HAL_TIM_PWM_Init)
    HAL_TIM_PWM_MspInit                      0x08001ea9   Thumb Code    30  tim.o(i.HAL_TIM_PWM_MspInit)
    HAL_TIM_PWM_PulseFinishedCallback        0x08001ed1   Thumb Code     2  stm32f4xx_hal_tim.o(i.HAL_TIM_PWM_PulseFinishedCallback)
    HAL_TIM_PWM_Start                        0x08001ed5   Thumb Code   172  stm32f4xx_hal_tim.o(i.HAL_TIM_PWM_Start)
    HAL_TIM_PeriodElapsedCallback            0x08001f9d   Thumb Code    12  main.o(i.HAL_TIM_PeriodElapsedCallback)
    HAL_TIM_TriggerCallback                  0x08001fad   Thumb Code     2  stm32f4xx_hal_tim.o(i.HAL_TIM_TriggerCallback)
    HAL_UARTEx_RxEventCallback               0x08001faf   Thumb Code     2  stm32f4xx_hal_uart.o(i.HAL_UARTEx_RxEventCallback)
    HAL_UART_ErrorCallback                   0x08001fb1   Thumb Code     2  stm32f4xx_hal_uart.o(i.HAL_UART_ErrorCallback)
    HAL_UART_IRQHandler                      0x08001fb5   Thumb Code   636  stm32f4xx_hal_uart.o(i.HAL_UART_IRQHandler)
    HAL_UART_Init                            0x08002235   Thumb Code   100  stm32f4xx_hal_uart.o(i.HAL_UART_Init)
    HAL_UART_MspInit                         0x08002299   Thumb Code   652  usart.o(i.HAL_UART_MspInit)
    HAL_UART_RxCpltCallback                  0x0800254d   Thumb Code     2  stm32f4xx_hal_uart.o(i.HAL_UART_RxCpltCallback)
    HAL_UART_Transmit_DMA                    0x08002551   Thumb Code   120  stm32f4xx_hal_uart.o(i.HAL_UART_Transmit_DMA)
    HAL_UART_TxCpltCallback                  0x080025d5   Thumb Code     8  app.o(i.HAL_UART_TxCpltCallback)
    HAL_UART_TxHalfCpltCallback              0x080025e1   Thumb Code     2  stm32f4xx_hal_uart.o(i.HAL_UART_TxHalfCpltCallback)
    HardFault_Handler                        0x080025e3   Thumb Code     2  stm32f4xx_it.o(i.HardFault_Handler)
    MX_DMA_Init                              0x080025e5   Thumb Code   136  dma.o(i.MX_DMA_Init)
    MX_GPIO_Init                             0x08002671   Thumb Code   288  gpio.o(i.MX_GPIO_Init)
    MX_TIM1_Init                             0x080027a9   Thumb Code   198  tim.o(i.MX_TIM1_Init)
    MX_TIM2_Init                             0x08002879   Thumb Code   100  tim.o(i.MX_TIM2_Init)
    MX_TIM3_Init                             0x080028e1   Thumb Code    98  tim.o(i.MX_TIM3_Init)
    MX_TIM4_Init                             0x0800294d   Thumb Code    98  tim.o(i.MX_TIM4_Init)
    MX_TIM5_Init                             0x080029b9   Thumb Code    94  tim.o(i.MX_TIM5_Init)
    MX_TIM8_Init                             0x08002a21   Thumb Code   100  tim.o(i.MX_TIM8_Init)
    MX_USART1_UART_Init                      0x08002a8d   Thumb Code    48  usart.o(i.MX_USART1_UART_Init)
    MX_USART2_UART_Init                      0x08002ac5   Thumb Code    48  usart.o(i.MX_USART2_UART_Init)
    MX_USART3_UART_Init                      0x08002afd   Thumb Code    48  usart.o(i.MX_USART3_UART_Init)
    MemManage_Handler                        0x08002b35   Thumb Code     2  stm32f4xx_it.o(i.MemManage_Handler)
    Motor_DriveDiff                          0x08002b39   Thumb Code    66  motor.o(i.Motor_DriveDiff)
    Motor_EncoderUpdate                      0x08002b81   Thumb Code    24  motor.o(i.Motor_EncoderUpdate)
    Motor_GetSpeedPps                        0x08002b99   Thumb Code     6  motor.o(i.Motor_GetSpeedPps)
    Motor_InitAll                            0x08002ba1   Thumb Code    72  motor.o(i.Motor_InitAll)
    Motor_ResetAllEncoders                   0x08002bf1   Thumb Code    30  motor.o(i.Motor_ResetAllEncoders)
    Motor_SetPwm                             0x08002c15   Thumb Code    52  motor.o(i.Motor_SetPwm)
    Motor_StopAll                            0x08002c49   Thumb Code    42  motor.o(i.Motor_StopAll)
    NMI_Handler                              0x08002c79   Thumb Code     2  stm32f4xx_it.o(i.NMI_Handler)
    OLED_Clear                               0x08002c7d   Thumb Code    34  oled.o(i.OLED_Clear)
    OLED_ClearArea                           0x08002ca5   Thumb Code    86  oled.o(i.OLED_ClearArea)
    OLED_GPIO_Init                           0x08002d01   Thumb Code    38  oled.o(i.OLED_GPIO_Init)
    OLED_I2C_SendByte                        0x08002d27   Thumb Code    58  oled.o(i.OLED_I2C_SendByte)
    OLED_I2C_Start                           0x08002d61   Thumb Code    30  oled.o(i.OLED_I2C_Start)
    OLED_I2C_Stop                            0x08002d7f   Thumb Code    24  oled.o(i.OLED_I2C_Stop)
    OLED_Init                                0x08002d97   Thumb Code   156  oled.o(i.OLED_Init)
    OLED_Pow                                 0x08002e33   Thumb Code    14  oled.o(i.OLED_Pow)
    OLED_SetCursor                           0x08002e41   Thumb Code    34  oled.o(i.OLED_SetCursor)
    OLED_ShowChar                            0x08002e65   Thumb Code    52  oled.o(i.OLED_ShowChar)
    OLED_ShowImage                           0x08002ea1   Thumb Code   186  oled.o(i.OLED_ShowImage)
    OLED_ShowNum                             0x08002f61   Thumb Code    70  oled.o(i.OLED_ShowNum)
    OLED_ShowSignedNum                       0x08002fa7   Thumb Code    94  oled.o(i.OLED_ShowSignedNum)
    OLED_ShowString                          0x08003005   Thumb Code   134  oled.o(i.OLED_ShowString)
    OLED_Update                              0x0800308d   Thumb Code    34  oled.o(i.OLED_Update)
    OLED_W_SCL                               0x080030b5   Thumb Code    12  oled.o(i.OLED_W_SCL)
    OLED_W_SDA                               0x080030c5   Thumb Code    12  oled.o(i.OLED_W_SDA)
    OLED_WriteCommand                        0x080030d5   Thumb Code    34  oled.o(i.OLED_WriteCommand)
    OLED_WriteData                           0x080030f7   Thumb Code    48  oled.o(i.OLED_WriteData)
    PID_Clear                                0x08003129   Thumb Code    22  pid.o(i.PID_Clear)
    PID_Update                               0x08003145   Thumb Code   224  pid.o(i.PID_Update)
    PendSV_Handler                           0x08003229   Thumb Code     2  stm32f4xx_it.o(i.PendSV_Handler)
    SVC_Handler                              0x0800322b   Thumb Code     2  stm32f4xx_it.o(i.SVC_Handler)
    SysTick_Handler                          0x080032c9   Thumb Code     4  stm32f4xx_it.o(i.SysTick_Handler)
    SystemClock_Config                       0x080032cd   Thumb Code   138  main.o(i.SystemClock_Config)
    SystemInit                               0x08003361   Thumb Code    12  system_stm32f4xx.o(i.SystemInit)
    TIM5_IRQHandler                          0x08003371   Thumb Code     6  stm32f4xx_it.o(i.TIM5_IRQHandler)
    TIM_Base_SetConfig                       0x0800337d   Thumb Code   164  stm32f4xx_hal_tim.o(i.TIM_Base_SetConfig)
    TIM_CCxChannelCmd                        0x0800344d   Thumb Code    26  stm32f4xx_hal_tim.o(i.TIM_CCxChannelCmd)
    TIM_ETR_SetConfig                        0x08003467   Thumb Code    20  stm32f4xx_hal_tim.o(i.TIM_ETR_SetConfig)
    TIM_OC2_SetConfig                        0x080034ed   Thumb Code    98  stm32f4xx_hal_tim.o(i.TIM_OC2_SetConfig)
    USART1_IRQHandler                        0x08003935   Thumb Code     6  stm32f4xx_it.o(i.USART1_IRQHandler)
    USART2_IRQHandler                        0x08003941   Thumb Code     6  stm32f4xx_it.o(i.USART2_IRQHandler)
    UsageFault_Handler                       0x0800394d   Thumb Code     2  stm32f4xx_it.o(i.UsageFault_Handler)
    main                                     0x08003b05   Thumb Code   456  main.o(i.main)
    _fp_init                                 0x08003d49   Thumb Code    10  fpinit.o(x$fpl$fpinit)
    __fplib_config_fpu_vfp                   0x08003d51   Thumb Code     0  fpinit.o(x$fpl$fpinit)
    __fplib_config_pureend_doubles           0x08003d51   Thumb Code     0  fpinit.o(x$fpl$fpinit)
    OLED_F8x16                               0x08003d52   Data        1520  oled_data.o(.constdata)
    OLED_F6x8                                0x08004342   Data         570  oled_data.o(.constdata)
    AHBPrescTable                            0x080045ec   Data          16  system_stm32f4xx.o(.constdata)
    APBPrescTable                            0x080045fc   Data           8  system_stm32f4xx.o(.constdata)
    Region$$Table$$Base                      0x08004604   Number         0  anon$$obj.o(Region$$Table)
    Region$$Table$$Limit                     0x08004624   Number         0  anon$$obj.o(Region$$Table)
    motor3                                   0x20000000   Data          40  motor.o(.data)
    motor4                                   0x20000028   Data          40  motor.o(.data)
    g_app_state                              0x20000050   Data           1  app.o(.data)
    g_app_mode                               0x20000051   Data           1  app.o(.data)
    g_track_error                            0x20000053   Data           1  app.o(.data)
    g_speed_ctrl_enable                      0x20000054   Data           1  app.o(.data)
    g_run_had_finish                         0x2000005f   Data           1  app.o(.data)
    g_run_started                            0x20000060   Data           1  app.o(.data)
    uart_tx_busy                             0x20000061   Data           1  app.o(.data)
    g_left_pwm                               0x20000062   Data           2  app.o(.data)
    g_right_pwm                              0x20000064   Data           2  app.o(.data)
    g_m3_speed_pps                           0x20000066   Data           2  app.o(.data)
    g_m4_speed_pps                           0x20000068   Data           2  app.o(.data)
    g_left_speed_mmps                        0x2000006c   Data           4  app.o(.data)
    g_right_speed_mmps                       0x20000070   Data           4  app.o(.data)
    g_m3_speed_mmps                          0x20000074   Data           4  app.o(.data)
    g_m4_speed_mmps                          0x20000078   Data           4  app.o(.data)
    g_run_start_tick                         0x2000007c   Data           4  app.o(.data)
    g_run_stop_tick                          0x20000080   Data           4  app.o(.data)
    gray_data                                0x20000154   Data           8  bsp_gray_sensor.o(.data)
    uwTickFreq                               0x20000160   Data           1  stm32f4xx_hal.o(.data)
    uwTickPrio                               0x20000164   Data           4  stm32f4xx_hal.o(.data)
    uwTick                                   0x20000168   Data           4  stm32f4xx_hal.o(.data)
    SystemCoreClock                          0x2000016c   Data           4  system_stm32f4xx.o(.data)
    OLED_DisplayBuf                          0x20000170   Data        1024  oled.o(.bss)
    htim1                                    0x20000610   Data          72  tim.o(.bss)
    htim2                                    0x20000658   Data          72  tim.o(.bss)
    htim3                                    0x200006a0   Data          72  tim.o(.bss)
    htim4                                    0x200006e8   Data          72  tim.o(.bss)
    htim5                                    0x20000730   Data          72  tim.o(.bss)
    htim8                                    0x20000778   Data          72  tim.o(.bss)
    huart1                                   0x200007c0   Data          72  usart.o(.bss)
    huart2                                   0x20000808   Data          72  usart.o(.bss)
    huart3                                   0x20000850   Data          72  usart.o(.bss)
    hdma_usart1_tx                           0x20000898   Data          96  usart.o(.bss)
    hdma_usart1_rx                           0x200008f8   Data          96  usart.o(.bss)
    hdma_usart2_rx                           0x20000958   Data          96  usart.o(.bss)
    hdma_usart2_tx                           0x200009b8   Data          96  usart.o(.bss)
    hdma_usart3_rx                           0x20000a18   Data          96  usart.o(.bss)
    hdma_usart3_tx                           0x20000a78   Data          96  usart.o(.bss)
    __libspace_start                         0x20000ad8   Data          96  libspace.o(.bss)
    __temporary_stack_top$libspace           0x20000b38   Data           0  libspace.o(.bss)



==============================================================================

Memory Map of the image

  Image Entry point : 0x08000189

  Load Region LR_IROM1 (Base: 0x08000000, Size: 0x00004794, Max: 0x00080000, ABSOLUTE, COMPRESSED[0x00004680])

    Execution Region ER_IROM1 (Exec base: 0x08000000, Load base: 0x08000000, Size: 0x00004624, Max: 0x00080000, ABSOLUTE)

    Exec Addr    Load Addr    Size         Type   Attr      Idx    E Section Name        Object

    0x08000000   0x08000000   0x00000188   Data   RO            3    RESET               startup_stm32f407xx.o
    0x08000188   0x08000188   0x00000008   Code   RO         3576  * !!!main             c_w.l(__main.o)
    0x08000190   0x08000190   0x00000034   Code   RO         4017    !!!scatter          c_w.l(__scatter.o)
    0x080001c4   0x080001c4   0x0000005a   Code   RO         4015    !!dczerorl2         c_w.l(__dczerorl2.o)
    0x0800021e   0x0800021e   0x00000002   PAD
    0x08000220   0x08000220   0x0000001c   Code   RO         4019    !!handler_zi        c_w.l(__scatter_zi.o)
    0x0800023c   0x0800023c   0x00000002   Code   RO         3879    .ARM.Collect$$libinit$$00000000  c_w.l(libinit.o)
    0x0800023e   0x0800023e   0x00000004   Code   RO         3895    .ARM.Collect$$libinit$$00000001  c_w.l(libinit2.o)
    0x08000242   0x08000242   0x00000000   Code   RO         3898    .ARM.Collect$$libinit$$00000004  c_w.l(libinit2.o)
    0x08000242   0x08000242   0x00000000   Code   RO         3901    .ARM.Collect$$libinit$$0000000A  c_w.l(libinit2.o)
    0x08000242   0x08000242   0x00000000   Code   RO         3903    .ARM.Collect$$libinit$$0000000C  c_w.l(libinit2.o)
    0x08000242   0x08000242   0x00000000   Code   RO         3905    .ARM.Collect$$libinit$$0000000E  c_w.l(libinit2.o)
    0x08000242   0x08000242   0x00000000   Code   RO         3908    .ARM.Collect$$libinit$$00000011  c_w.l(libinit2.o)
    0x08000242   0x08000242   0x00000000   Code   RO         3910    .ARM.Collect$$libinit$$00000013  c_w.l(libinit2.o)
    0x08000242   0x08000242   0x00000000   Code   RO         3912    .ARM.Collect$$libinit$$00000015  c_w.l(libinit2.o)
    0x08000242   0x08000242   0x00000000   Code   RO         3914    .ARM.Collect$$libinit$$00000017  c_w.l(libinit2.o)
    0x08000242   0x08000242   0x00000000   Code   RO         3916    .ARM.Collect$$libinit$$00000019  c_w.l(libinit2.o)
    0x08000242   0x08000242   0x00000000   Code   RO         3918    .ARM.Collect$$libinit$$0000001B  c_w.l(libinit2.o)
    0x08000242   0x08000242   0x00000000   Code   RO         3920    .ARM.Collect$$libinit$$0000001D  c_w.l(libinit2.o)
    0x08000242   0x08000242   0x00000000   Code   RO         3922    .ARM.Collect$$libinit$$0000001F  c_w.l(libinit2.o)
    0x08000242   0x08000242   0x00000000   Code   RO         3924    .ARM.Collect$$libinit$$00000021  c_w.l(libinit2.o)
    0x08000242   0x08000242   0x00000000   Code   RO         3926    .ARM.Collect$$libinit$$00000023  c_w.l(libinit2.o)
    0x08000242   0x08000242   0x00000000   Code   RO         3928    .ARM.Collect$$libinit$$00000025  c_w.l(libinit2.o)
    0x08000242   0x08000242   0x00000000   Code   RO         3932    .ARM.Collect$$libinit$$0000002C  c_w.l(libinit2.o)
    0x08000242   0x08000242   0x00000000   Code   RO         3934    .ARM.Collect$$libinit$$0000002E  c_w.l(libinit2.o)
    0x08000242   0x08000242   0x00000000   Code   RO         3936    .ARM.Collect$$libinit$$00000030  c_w.l(libinit2.o)
    0x08000242   0x08000242   0x00000000   Code   RO         3938    .ARM.Collect$$libinit$$00000032  c_w.l(libinit2.o)
    0x08000242   0x08000242   0x00000002   Code   RO         3939    .ARM.Collect$$libinit$$00000033  c_w.l(libinit2.o)
    0x08000244   0x08000244   0x00000002   Code   RO         3970    .ARM.Collect$$libshutdown$$00000000  c_w.l(libshutdown.o)
    0x08000246   0x08000246   0x00000000   Code   RO         3996    .ARM.Collect$$libshutdown$$00000002  c_w.l(libshutdown2.o)
    0x08000246   0x08000246   0x00000000   Code   RO         3998    .ARM.Collect$$libshutdown$$00000004  c_w.l(libshutdown2.o)
    0x08000246   0x08000246   0x00000000   Code   RO         4000    .ARM.Collect$$libshutdown$$00000006  c_w.l(libshutdown2.o)
    0x08000246   0x08000246   0x00000000   Code   RO         4003    .ARM.Collect$$libshutdown$$00000009  c_w.l(libshutdown2.o)
    0x08000246   0x08000246   0x00000000   Code   RO         4006    .ARM.Collect$$libshutdown$$0000000C  c_w.l(libshutdown2.o)
    0x08000246   0x08000246   0x00000000   Code   RO         4008    .ARM.Collect$$libshutdown$$0000000E  c_w.l(libshutdown2.o)
    0x08000246   0x08000246   0x00000000   Code   RO         4011    .ARM.Collect$$libshutdown$$00000011  c_w.l(libshutdown2.o)
    0x08000246   0x08000246   0x00000002   Code   RO         4012    .ARM.Collect$$libshutdown$$00000012  c_w.l(libshutdown2.o)
    0x08000248   0x08000248   0x00000000   Code   RO         3628    .ARM.Collect$$rtentry$$00000000  c_w.l(__rtentry.o)
    0x08000248   0x08000248   0x00000000   Code   RO         3783    .ARM.Collect$$rtentry$$00000002  c_w.l(__rtentry2.o)
    0x08000248   0x08000248   0x00000006   Code   RO         3795    .ARM.Collect$$rtentry$$00000004  c_w.l(__rtentry4.o)
    0x0800024e   0x0800024e   0x00000000   Code   RO         3785    .ARM.Collect$$rtentry$$00000009  c_w.l(__rtentry2.o)
    0x0800024e   0x0800024e   0x00000004   Code   RO         3786    .ARM.Collect$$rtentry$$0000000A  c_w.l(__rtentry2.o)
    0x08000252   0x08000252   0x00000000   Code   RO         3788    .ARM.Collect$$rtentry$$0000000C  c_w.l(__rtentry2.o)
    0x08000252   0x08000252   0x00000008   Code   RO         3789    .ARM.Collect$$rtentry$$0000000D  c_w.l(__rtentry2.o)
    0x0800025a   0x0800025a   0x00000002   Code   RO         3882    .ARM.Collect$$rtexit$$00000000  c_w.l(rtexit.o)
    0x0800025c   0x0800025c   0x00000000   Code   RO         3943    .ARM.Collect$$rtexit$$00000002  c_w.l(rtexit2.o)
    0x0800025c   0x0800025c   0x00000004   Code   RO         3944    .ARM.Collect$$rtexit$$00000003  c_w.l(rtexit2.o)
    0x08000260   0x08000260   0x00000006   Code   RO         3945    .ARM.Collect$$rtexit$$00000004  c_w.l(rtexit2.o)
    0x08000266   0x08000266   0x00000002   PAD
    0x08000268   0x08000268   0x00000040   Code   RO            4    .text               startup_stm32f407xx.o
    0x080002a8   0x080002a8   0x000000ee   Code   RO         3568    .text               c_w.l(lludivv7m.o)
    0x08000396   0x08000396   0x0000004e   Code   RO         3572    .text               c_w.l(rt_memclr_w.o)
    0x080003e4   0x080003e4   0x00000006   Code   RO         3574    .text               c_w.l(heapauxi.o)
    0x080003ea   0x080003ea   0x00000002   PAD
    0x080003ec   0x080003ec   0x00000008   Code   RO         3826    .text               c_w.l(libspace.o)
    0x080003f4   0x080003f4   0x0000004a   Code   RO         3829    .text               c_w.l(sys_stackheap_outer.o)
    0x0800043e   0x0800043e   0x00000012   Code   RO         3868    .text               c_w.l(exit.o)
    0x08000450   0x08000450   0x0000000c   Code   RO         3940    .text               c_w.l(sys_exit.o)
    0x0800045c   0x0800045c   0x00000002   Code   RO         3959    .text               c_w.l(use_no_semi.o)
    0x0800045e   0x0800045e   0x00000000   Code   RO         3961    .text               c_w.l(indicate_semi.o)
    0x0800045e   0x0800045e   0x00000002   PAD
    0x08000460   0x08000460   0x00000068   Code   RO          498    i.App_Init          app.o
    0x080004c8   0x080004c8   0x00000144   Code   RO          499    i.App_KeyScan       app.o
    0x0800060c   0x0800060c   0x00000040   Code   RO          500    i.Apply_Profile     app.o
    0x0800064c   0x0800064c   0x00000002   Code   RO          891    i.BusFault_Handler  stm32f4xx_it.o
    0x0800064e   0x0800064e   0x00000002   PAD
    0x08000650   0x08000650   0x000002ac   Code   RO          501    i.Cascade_Update    app.o
    0x080008fc   0x080008fc   0x0000000c   Code   RO          892    i.DMA1_Stream1_IRQHandler  stm32f4xx_it.o
    0x08000908   0x08000908   0x0000000c   Code   RO          893    i.DMA1_Stream3_IRQHandler  stm32f4xx_it.o
    0x08000914   0x08000914   0x0000000c   Code   RO          894    i.DMA1_Stream5_IRQHandler  stm32f4xx_it.o
    0x08000920   0x08000920   0x0000000c   Code   RO          895    i.DMA1_Stream6_IRQHandler  stm32f4xx_it.o
    0x0800092c   0x0800092c   0x0000000c   Code   RO          896    i.DMA2_Stream2_IRQHandler  stm32f4xx_it.o
    0x08000938   0x08000938   0x0000000c   Code   RO          897    i.DMA2_Stream7_IRQHandler  stm32f4xx_it.o
    0x08000944   0x08000944   0x00000028   Code   RO         2477    i.DMA_CalcBaseAndBitshift  stm32f4xx_hal_dma.o
    0x0800096c   0x0800096c   0x00000054   Code   RO         2478    i.DMA_CheckFifoParam  stm32f4xx_hal_dma.o
    0x080009c0   0x080009c0   0x00000028   Code   RO         2479    i.DMA_SetConfig     stm32f4xx_hal_dma.o
    0x080009e8   0x080009e8   0x00000002   Code   RO          898    i.DebugMon_Handler  stm32f4xx_it.o
    0x080009ea   0x080009ea   0x00000004   Code   RO          637    i.Error_Handler     main.o
    0x080009ee   0x080009ee   0x00000004   Code   RO          590    i.GraySensor_Init   bsp_gray_sensor.o
    0x080009f2   0x080009f2   0x00000002   PAD
    0x080009f4   0x080009f4   0x00000078   Code   RO          591    i.GraySensor_Read   bsp_gray_sensor.o
    0x08000a6c   0x08000a6c   0x00000092   Code   RO         2480    i.HAL_DMA_Abort     stm32f4xx_hal_dma.o
    0x08000afe   0x08000afe   0x00000024   Code   RO         2481    i.HAL_DMA_Abort_IT  stm32f4xx_hal_dma.o
    0x08000b22   0x08000b22   0x00000002   PAD
    0x08000b24   0x08000b24   0x000001a0   Code   RO         2485    i.HAL_DMA_IRQHandler  stm32f4xx_hal_dma.o
    0x08000cc4   0x08000cc4   0x000000d4   Code   RO         2486    i.HAL_DMA_Init      stm32f4xx_hal_dma.o
    0x08000d98   0x08000d98   0x0000006e   Code   RO         2490    i.HAL_DMA_Start_IT  stm32f4xx_hal_dma.o
    0x08000e06   0x08000e06   0x00000002   PAD
    0x08000e08   0x08000e08   0x000001f0   Code   RO         2373    i.HAL_GPIO_Init     stm32f4xx_hal_gpio.o
    0x08000ff8   0x08000ff8   0x0000000a   Code   RO         2375    i.HAL_GPIO_ReadPin  stm32f4xx_hal_gpio.o
    0x08001002   0x08001002   0x0000000a   Code   RO         2377    i.HAL_GPIO_WritePin  stm32f4xx_hal_gpio.o
    0x0800100c   0x0800100c   0x0000000c   Code   RO         2923    i.HAL_GetTick       stm32f4xx_hal.o
    0x08001018   0x08001018   0x00000010   Code   RO         2929    i.HAL_IncTick       stm32f4xx_hal.o
    0x08001028   0x08001028   0x00000034   Code   RO         2930    i.HAL_Init          stm32f4xx_hal.o
    0x0800105c   0x0800105c   0x00000040   Code   RO         2931    i.HAL_InitTick      stm32f4xx_hal.o
    0x0800109c   0x0800109c   0x00000030   Code   RO         1021    i.HAL_MspInit       stm32f4xx_hal_msp.o
    0x080010cc   0x080010cc   0x0000001a   Code   RO         2765    i.HAL_NVIC_EnableIRQ  stm32f4xx_hal_cortex.o
    0x080010e6   0x080010e6   0x00000002   PAD
    0x080010e8   0x080010e8   0x00000040   Code   RO         2771    i.HAL_NVIC_SetPriority  stm32f4xx_hal_cortex.o
    0x08001128   0x08001128   0x00000024   Code   RO         2772    i.HAL_NVIC_SetPriorityGrouping  stm32f4xx_hal_cortex.o
    0x0800114c   0x0800114c   0x00000134   Code   RO         2019    i.HAL_RCC_ClockConfig  stm32f4xx_hal_rcc.o
    0x08001280   0x08001280   0x00000020   Code   RO         2026    i.HAL_RCC_GetPCLK1Freq  stm32f4xx_hal_rcc.o
    0x080012a0   0x080012a0   0x00000020   Code   RO         2027    i.HAL_RCC_GetPCLK2Freq  stm32f4xx_hal_rcc.o
    0x080012c0   0x080012c0   0x00000064   Code   RO         2028    i.HAL_RCC_GetSysClockFreq  stm32f4xx_hal_rcc.o
    0x08001324   0x08001324   0x0000036c   Code   RO         2031    i.HAL_RCC_OscConfig  stm32f4xx_hal_rcc.o
    0x08001690   0x08001690   0x00000028   Code   RO         2776    i.HAL_SYSTICK_Config  stm32f4xx_hal_cortex.o
    0x080016b8   0x080016b8   0x00000002   Code   RO         1751    i.HAL_TIMEx_BreakCallback  stm32f4xx_hal_tim_ex.o
    0x080016ba   0x080016ba   0x00000002   Code   RO         1752    i.HAL_TIMEx_CommutCallback  stm32f4xx_hal_tim_ex.o
    0x080016bc   0x080016bc   0x00000054   Code   RO         1754    i.HAL_TIMEx_ConfigBreakDeadTime  stm32f4xx_hal_tim_ex.o
    0x08001710   0x08001710   0x00000090   Code   RO         1770    i.HAL_TIMEx_MasterConfigSynchronization  stm32f4xx_hal_tim_ex.o
    0x080017a0   0x080017a0   0x0000005a   Code   RO         1047    i.HAL_TIM_Base_Init  stm32f4xx_hal_tim.o
    0x080017fa   0x080017fa   0x00000002   PAD
    0x080017fc   0x080017fc   0x0000004c   Code   RO          736    i.HAL_TIM_Base_MspInit  tim.o
    0x08001848   0x08001848   0x00000080   Code   RO         1052    i.HAL_TIM_Base_Start_IT  stm32f4xx_hal_tim.o
    0x080018c8   0x080018c8   0x000000dc   Code   RO         1056    i.HAL_TIM_ConfigClockSource  stm32f4xx_hal_tim.o
    0x080019a4   0x080019a4   0x000000a4   Code   RO         1068    i.HAL_TIM_Encoder_Init  stm32f4xx_hal_tim.o
    0x08001a48   0x08001a48   0x00000124   Code   RO          738    i.HAL_TIM_Encoder_MspInit  tim.o
    0x08001b6c   0x08001b6c   0x0000008e   Code   RO         1071    i.HAL_TIM_Encoder_Start  stm32f4xx_hal_tim.o
    0x08001bfa   0x08001bfa   0x00000002   Code   RO         1081    i.HAL_TIM_IC_CaptureCallback  stm32f4xx_hal_tim.o
    0x08001bfc   0x08001bfc   0x00000130   Code   RO         1095    i.HAL_TIM_IRQHandler  stm32f4xx_hal_tim.o
    0x08001d2c   0x08001d2c   0x00000054   Code   RO          739    i.HAL_TIM_MspPostInit  tim.o
    0x08001d80   0x08001d80   0x00000002   Code   RO         1098    i.HAL_TIM_OC_DelayElapsedCallback  stm32f4xx_hal_tim.o
    0x08001d82   0x08001d82   0x000000cc   Code   RO         1119    i.HAL_TIM_PWM_ConfigChannel  stm32f4xx_hal_tim.o
    0x08001e4e   0x08001e4e   0x0000005a   Code   RO         1122    i.HAL_TIM_PWM_Init  stm32f4xx_hal_tim.o
    0x08001ea8   0x08001ea8   0x00000028   Code   RO          741    i.HAL_TIM_PWM_MspInit  tim.o
    0x08001ed0   0x08001ed0   0x00000002   Code   RO         1125    i.HAL_TIM_PWM_PulseFinishedCallback  stm32f4xx_hal_tim.o
    0x08001ed2   0x08001ed2   0x00000002   PAD
    0x08001ed4   0x08001ed4   0x000000c8   Code   RO         1127    i.HAL_TIM_PWM_Start  stm32f4xx_hal_tim.o
    0x08001f9c   0x08001f9c   0x00000010   Code   RO          638    i.HAL_TIM_PeriodElapsedCallback  main.o
    0x08001fac   0x08001fac   0x00000002   Code   RO         1138    i.HAL_TIM_TriggerCallback  stm32f4xx_hal_tim.o
    0x08001fae   0x08001fae   0x00000002   Code   RO         3180    i.HAL_UARTEx_RxEventCallback  stm32f4xx_hal_uart.o
    0x08001fb0   0x08001fb0   0x00000002   Code   RO         3194    i.HAL_UART_ErrorCallback  stm32f4xx_hal_uart.o
    0x08001fb2   0x08001fb2   0x00000002   PAD
    0x08001fb4   0x08001fb4   0x00000280   Code   RO         3197    i.HAL_UART_IRQHandler  stm32f4xx_hal_uart.o
    0x08002234   0x08002234   0x00000064   Code   RO         3198    i.HAL_UART_Init     stm32f4xx_hal_uart.o
    0x08002298   0x08002298   0x000002b4   Code   RO          838    i.HAL_UART_MspInit  usart.o
    0x0800254c   0x0800254c   0x00000002   Code   RO         3204    i.HAL_UART_RxCpltCallback  stm32f4xx_hal_uart.o
    0x0800254e   0x0800254e   0x00000002   PAD
    0x08002550   0x08002550   0x00000084   Code   RO         3207    i.HAL_UART_Transmit_DMA  stm32f4xx_hal_uart.o
    0x080025d4   0x080025d4   0x0000000c   Code   RO          502    i.HAL_UART_TxCpltCallback  app.o
    0x080025e0   0x080025e0   0x00000002   Code   RO         3210    i.HAL_UART_TxHalfCpltCallback  stm32f4xx_hal_uart.o
    0x080025e2   0x080025e2   0x00000002   Code   RO          899    i.HardFault_Handler  stm32f4xx_it.o
    0x080025e4   0x080025e4   0x0000008c   Code   RO          711    i.MX_DMA_Init       dma.o
    0x08002670   0x08002670   0x00000138   Code   RO          687    i.MX_GPIO_Init      gpio.o
    0x080027a8   0x080027a8   0x000000d0   Code   RO          742    i.MX_TIM1_Init      tim.o
    0x08002878   0x08002878   0x00000068   Code   RO          743    i.MX_TIM2_Init      tim.o
    0x080028e0   0x080028e0   0x0000006c   Code   RO          744    i.MX_TIM3_Init      tim.o
    0x0800294c   0x0800294c   0x0000006c   Code   RO          745    i.MX_TIM4_Init      tim.o
    0x080029b8   0x080029b8   0x00000068   Code   RO          746    i.MX_TIM5_Init      tim.o
    0x08002a20   0x08002a20   0x0000006c   Code   RO          747    i.MX_TIM8_Init      tim.o
    0x08002a8c   0x08002a8c   0x00000038   Code   RO          839    i.MX_USART1_UART_Init  usart.o
    0x08002ac4   0x08002ac4   0x00000038   Code   RO          840    i.MX_USART2_UART_Init  usart.o
    0x08002afc   0x08002afc   0x00000038   Code   RO          841    i.MX_USART3_UART_Init  usart.o
    0x08002b34   0x08002b34   0x00000002   Code   RO          900    i.MemManage_Handler  stm32f4xx_it.o
    0x08002b36   0x08002b36   0x00000002   PAD
    0x08002b38   0x08002b38   0x00000048   Code   RO           14    i.Motor_DriveDiff   motor.o
    0x08002b80   0x08002b80   0x00000018   Code   RO           15    i.Motor_EncoderUpdate  motor.o
    0x08002b98   0x08002b98   0x00000006   Code   RO           16    i.Motor_GetSpeedPps  motor.o
    0x08002b9e   0x08002b9e   0x00000002   PAD
    0x08002ba0   0x08002ba0   0x00000050   Code   RO           18    i.Motor_InitAll     motor.o
    0x08002bf0   0x08002bf0   0x00000024   Code   RO           19    i.Motor_ResetAllEncoders  motor.o
    0x08002c14   0x08002c14   0x00000034   Code   RO           20    i.Motor_SetPwm      motor.o
    0x08002c48   0x08002c48   0x00000030   Code   RO           21    i.Motor_StopAll     motor.o
    0x08002c78   0x08002c78   0x00000002   Code   RO          901    i.NMI_Handler       stm32f4xx_it.o
    0x08002c7a   0x08002c7a   0x00000002   PAD
    0x08002c7c   0x08002c7c   0x00000028   Code   RO          233    i.OLED_Clear        oled.o
    0x08002ca4   0x08002ca4   0x0000005c   Code   RO          234    i.OLED_ClearArea    oled.o
    0x08002d00   0x08002d00   0x00000026   Code   RO          242    i.OLED_GPIO_Init    oled.o
    0x08002d26   0x08002d26   0x0000003a   Code   RO          244    i.OLED_I2C_SendByte  oled.o
    0x08002d60   0x08002d60   0x0000001e   Code   RO          245    i.OLED_I2C_Start    oled.o
    0x08002d7e   0x08002d7e   0x00000018   Code   RO          246    i.OLED_I2C_Stop     oled.o
    0x08002d96   0x08002d96   0x0000009c   Code   RO          247    i.OLED_Init         oled.o
    0x08002e32   0x08002e32   0x0000000e   Code   RO          249    i.OLED_Pow          oled.o
    0x08002e40   0x08002e40   0x00000022   Code   RO          253    i.OLED_SetCursor    oled.o
    0x08002e62   0x08002e62   0x00000002   PAD
    0x08002e64   0x08002e64   0x0000003c   Code   RO          255    i.OLED_ShowChar     oled.o
    0x08002ea0   0x08002ea0   0x000000c0   Code   RO          258    i.OLED_ShowImage    oled.o
    0x08002f60   0x08002f60   0x00000046   Code   RO          259    i.OLED_ShowNum      oled.o
    0x08002fa6   0x08002fa6   0x0000005e   Code   RO          260    i.OLED_ShowSignedNum  oled.o
    0x08003004   0x08003004   0x00000086   Code   RO          261    i.OLED_ShowString   oled.o
    0x0800308a   0x0800308a   0x00000002   PAD
    0x0800308c   0x0800308c   0x00000028   Code   RO          262    i.OLED_Update       oled.o
    0x080030b4   0x080030b4   0x00000010   Code   RO          264    i.OLED_W_SCL        oled.o
    0x080030c4   0x080030c4   0x00000010   Code   RO          265    i.OLED_W_SDA        oled.o
    0x080030d4   0x080030d4   0x00000022   Code   RO          266    i.OLED_WriteCommand  oled.o
    0x080030f6   0x080030f6   0x00000030   Code   RO          267    i.OLED_WriteData    oled.o
    0x08003126   0x08003126   0x00000002   PAD
    0x08003128   0x08003128   0x0000001c   Code   RO          198    i.PID_Clear         pid.o
    0x08003144   0x08003144   0x000000e4   Code   RO          200    i.PID_Update        pid.o
    0x08003228   0x08003228   0x00000002   Code   RO          902    i.PendSV_Handler    stm32f4xx_it.o
    0x0800322a   0x0800322a   0x00000002   Code   RO          903    i.SVC_Handler       stm32f4xx_it.o
    0x0800322c   0x0800322c   0x0000003e   Code   RO           22    i.SetDir            motor.o
    0x0800326a   0x0800326a   0x00000002   PAD
    0x0800326c   0x0800326c   0x0000005c   Code   RO          503    i.Start_Run         app.o
    0x080032c8   0x080032c8   0x00000004   Code   RO          904    i.SysTick_Handler   stm32f4xx_it.o
    0x080032cc   0x080032cc   0x00000094   Code   RO          639    i.SystemClock_Config  main.o
    0x08003360   0x08003360   0x00000010   Code   RO         3532    i.SystemInit        system_stm32f4xx.o
    0x08003370   0x08003370   0x0000000c   Code   RO          905    i.TIM5_IRQHandler   stm32f4xx_it.o
    0x0800337c   0x0800337c   0x000000d0   Code   RO         1140    i.TIM_Base_SetConfig  stm32f4xx_hal_tim.o
    0x0800344c   0x0800344c   0x0000001a   Code   RO         1141    i.TIM_CCxChannelCmd  stm32f4xx_hal_tim.o
    0x08003466   0x08003466   0x00000014   Code   RO         1151    i.TIM_ETR_SetConfig  stm32f4xx_hal_tim.o
    0x0800347a   0x0800347a   0x00000010   Code   RO         1152    i.TIM_ITRx_SetConfig  stm32f4xx_hal_tim.o
    0x0800348a   0x0800348a   0x00000002   PAD
    0x0800348c   0x0800348c   0x00000060   Code   RO         1153    i.TIM_OC1_SetConfig  stm32f4xx_hal_tim.o
    0x080034ec   0x080034ec   0x0000006c   Code   RO         1154    i.TIM_OC2_SetConfig  stm32f4xx_hal_tim.o
    0x08003558   0x08003558   0x00000068   Code   RO         1155    i.TIM_OC3_SetConfig  stm32f4xx_hal_tim.o
    0x080035c0   0x080035c0   0x00000050   Code   RO         1156    i.TIM_OC4_SetConfig  stm32f4xx_hal_tim.o
    0x08003610   0x08003610   0x00000022   Code   RO         1158    i.TIM_TI1_ConfigInputStage  stm32f4xx_hal_tim.o
    0x08003632   0x08003632   0x00000024   Code   RO         1160    i.TIM_TI2_ConfigInputStage  stm32f4xx_hal_tim.o
    0x08003656   0x08003656   0x0000000e   Code   RO         3211    i.UART_DMAAbortOnError  stm32f4xx_hal_uart.o
    0x08003664   0x08003664   0x0000004a   Code   RO         3212    i.UART_DMAError     stm32f4xx_hal_uart.o
    0x080036ae   0x080036ae   0x00000042   Code   RO         3217    i.UART_DMATransmitCplt  stm32f4xx_hal_uart.o
    0x080036f0   0x080036f0   0x0000000a   Code   RO         3219    i.UART_DMATxHalfCplt  stm32f4xx_hal_uart.o
    0x080036fa   0x080036fa   0x0000004e   Code   RO         3221    i.UART_EndRxTransfer  stm32f4xx_hal_uart.o
    0x08003748   0x08003748   0x0000001c   Code   RO         3222    i.UART_EndTxTransfer  stm32f4xx_hal_uart.o
    0x08003764   0x08003764   0x000000c2   Code   RO         3223    i.UART_Receive_IT   stm32f4xx_hal_uart.o
    0x08003826   0x08003826   0x00000002   PAD
    0x08003828   0x08003828   0x0000010c   Code   RO         3224    i.UART_SetConfig    stm32f4xx_hal_uart.o
    0x08003934   0x08003934   0x0000000c   Code   RO          906    i.USART1_IRQHandler  stm32f4xx_it.o
    0x08003940   0x08003940   0x0000000c   Code   RO          907    i.USART2_IRQHandler  stm32f4xx_it.o
    0x0800394c   0x0800394c   0x00000002   Code   RO          908    i.UsageFault_Handler  stm32f4xx_it.o
    0x0800394e   0x0800394e   0x00000002   PAD
    0x08003950   0x08003950   0x00000078   Code   RO          504    i.Vofa_Send         app.o
    0x080039c8   0x080039c8   0x00000020   Code   RO         2778    i.__NVIC_SetPriority  stm32f4xx_hal_cortex.o
    0x080039e8   0x080039e8   0x0000011c   Code   RO          505    i.append_fixed2     app.o
    0x08003b04   0x08003b04   0x00000244   Code   RO          640    i.main              main.o
    0x08003d48   0x08003d48   0x0000000a   Code   RO         3955    x$fpl$fpinit        fz_wm.l(fpinit.o)
    0x08003d52   0x08003d52   0x000005f0   Data   RO          479    .constdata          oled_data.o
    0x08004342   0x08004342   0x0000023a   Data   RO          480    .constdata          oled_data.o
    0x0800457c   0x0800457c   0x00000068   Data   RO          507    .constdata          app.o
    0x080045e4   0x080045e4   0x00000008   Data   RO         2492    .constdata          stm32f4xx_hal_dma.o
    0x080045ec   0x080045ec   0x00000010   Data   RO         3533    .constdata          system_stm32f4xx.o
    0x080045fc   0x080045fc   0x00000008   Data   RO         3534    .constdata          system_stm32f4xx.o
    0x08004604   0x08004604   0x00000020   Data   RO         4013    Region$$Table       anon$$obj.o


    Execution Region RW_IRAM1 (Exec base: 0x20000000, Load base: 0x08004624, Size: 0x00001138, Max: 0x0001c000, ABSOLUTE, COMPRESSED[0x0000005c])

    Exec Addr    Load Addr    Size         Type   Attr      Idx    E Section Name        Object

    0x20000000   COMPRESSED   0x00000050   Data   RW           23    .data               motor.o
    0x20000050   COMPRESSED   0x00000104   Data   RW          508    .data               app.o
    0x20000154   COMPRESSED   0x00000008   Data   RW          593    .data               bsp_gray_sensor.o
    0x2000015c   COMPRESSED   0x00000004   Data   RW          641    .data               main.o
    0x20000160   COMPRESSED   0x0000000c   Data   RW         2937    .data               stm32f4xx_hal.o
    0x2000016c   COMPRESSED   0x00000004   Data   RW         3535    .data               system_stm32f4xx.o
    0x20000170        -       0x00000400   Zero   RW          269    .bss                oled.o
    0x20000570        -       0x000000a0   Zero   RW          506    .bss                app.o
    0x20000610        -       0x000001b0   Zero   RW          748    .bss                tim.o
    0x200007c0        -       0x00000318   Zero   RW          842    .bss                usart.o
    0x20000ad8        -       0x00000060   Zero   RW         3827    .bss                c_w.l(libspace.o)
    0x20000b38        -       0x00000200   Zero   RW            2    HEAP                startup_stm32f407xx.o
    0x20000d38        -       0x00000400   Zero   RW            1    STACK               startup_stm32f407xx.o


    Execution Region RW_IRAM2 (Exec base: 0x2001c000, Load base: 0x08004680, Size: 0x00000000, Max: 0x00004000, ABSOLUTE)

    **** No section assigned to this execution region ****


==============================================================================

Image component sizes


      Code (inc. data)   RO Data    RW Data    ZI Data      Debug   Object Name

      1684        120        104        260        160      11362   app.o
       124         14          0          8          0       1956   bsp_gray_sensor.o
       140          4          0          0          0        866   dma.o
       312         24          0          0          0       1107   gpio.o
       748        138          0          4          0       3176   main.o
       380         26          0         80          0     696556   motor.o
      1190         40          0          0       1024      12676   oled.o
         0          0       2090          0          0        613   oled_data.o
       256         10          0          0          0       1973   pid.o
        64         26        392          0       1536        848   startup_stm32f407xx.o
       144         24          0         12          0       8821   stm32f4xx_hal.o
       198         14          0          0          0      33859   stm32f4xx_hal_cortex.o
      1084         16          8          0          0       7410   stm32f4xx_hal_dma.o
       516         46          0          0          0       2883   stm32f4xx_hal_gpio.o
        48          6          0          0          0        874   stm32f4xx_hal_msp.o
      1348         76          0          0          0       5300   stm32f4xx_hal_rcc.o
      2278        136          0          0          0      18659   stm32f4xx_hal_tim.o
       232         28          0          0          0       3341   stm32f4xx_hal_tim_ex.o
      1612         26          0          0          0      11784   stm32f4xx_hal_uart.o
       128         54          0          0          0       8564   stm32f4xx_it.o
        16          4         24          4          0       1151   system_stm32f4xx.o
      1232        114          0          0        432       7361   tim.o
       860         64          0          0        792       3750   usart.o

    ----------------------------------------------------------------------
     14632       1010       2650        368       3944     844890   Object Totals
         0          0         32          0          0          0   (incl. Generated)
        38          0          0          0          0          0   (incl. Padding)

    ----------------------------------------------------------------------

      Code (inc. data)   RO Data    RW Data    ZI Data      Debug   Library Member Name

        90          0          0          0          0          0   __dczerorl2.o
         8          0          0          0          0         68   __main.o
         0          0          0          0          0          0   __rtentry.o
        12          0          0          0          0          0   __rtentry2.o
         6          0          0          0          0          0   __rtentry4.o
        52          8          0          0          0          0   __scatter.o
        28          0          0          0          0          0   __scatter_zi.o
        18          0          0          0          0         80   exit.o
         6          0          0          0          0        152   heapauxi.o
         0          0          0          0          0          0   indicate_semi.o
         2          0          0          0          0          0   libinit.o
         6          0          0          0          0          0   libinit2.o
         2          0          0          0          0          0   libshutdown.o
         2          0          0          0          0          0   libshutdown2.o
         8          4          0          0         96         68   libspace.o
       238          0          0          0          0        100   lludivv7m.o
        78          0          0          0          0         80   rt_memclr_w.o
         2          0          0          0          0          0   rtexit.o
        10          0          0          0          0          0   rtexit2.o
        12          4          0          0          0         68   sys_exit.o
        74          0          0          0          0         80   sys_stackheap_outer.o
         2          0          0          0          0         68   use_no_semi.o
        10          0          0          0          0        116   fpinit.o

    ----------------------------------------------------------------------
       674         16          0          0         96        880   Library Totals
         8          0          0          0          0          0   (incl. Padding)

    ----------------------------------------------------------------------

      Code (inc. data)   RO Data    RW Data    ZI Data      Debug   Library Name

       656         16          0          0         96        764   c_w.l
        10          0          0          0          0        116   fz_wm.l

    ----------------------------------------------------------------------
       674         16          0          0         96        880   Library Totals

    ----------------------------------------------------------------------

==============================================================================


      Code (inc. data)   RO Data    RW Data    ZI Data      Debug   

     15306       1026       2650        368       4040     831910   Grand Totals
     15306       1026       2650         92       4040     831910   ELF Image Totals (compressed)
     15306       1026       2650         92          0          0   ROM Totals

==============================================================================

    Total RO  Size (Code + RO Data)                17956 (  17.54kB)
    Total RW  Size (RW Data + ZI Data)              4408 (   4.30kB)
    Total ROM Size (Code + RO Data + RW Data)      18048 (  17.63kB)

==============================================================================

