<html>
<body>
<pre>
<h1>礦ision Build Log</h1>
<h2>Tool Versions:</h2>
IDE-Version: μVision V5.39.0.0
Copyright (C) 2023 ARM Ltd and ARM Germany GmbH. All rights reserved.
License Information: 1 zengzixuan77@qq.com, 1, LIC=ZB4EI-T853Q-SB7EJ-UWV5N-1DVAG-9EK7D
 
Tool Versions:
Toolchain:       MDK-ARM Plus  Version: 5.39.0.0
Toolchain Path:  E:\Keil5\Code\ARM\ARMCC\Bin
C Compiler:      Armcc.exe V5.06 update 7 (build 960)
Assembler:       Armasm.exe V5.06 update 7 (build 960)
Linker/Locator:  ArmLink.exe V5.06 update 7 (build 960)
Library Manager: ArmAr.exe V5.06 update 7 (build 960)
Hex Converter:   FromElf.exe V5.06 update 7 (build 960)
CPU DLL:         SARMCM3.DLL V5.39.0.0
Dialog DLL:      DCM.DLL V1.17.5.0
Target DLL:      CMSIS_AGDI.dll V1.33.16.0
Dialog DLL:      TCM.DLL V1.56.4.0
 
<h2>Project:</h2>
E:\FreeTros Task\电电的赛\electric_game\MDK-ARM\electric_game.uvprojx
Project File Date:  07/29/2026

<h2>Output:</h2>
*** Using Compiler 'V5.06 update 7 (build 960)', folder: 'E:\Keil5\Code\ARM\ARMCC\Bin'
Build target 'electric_game'
compiling app.c...
../Core/Inc/motor.h(40): warning:  #1-D: last line of file ends without a newline
  #endif
../Core/Inc/pid.h(38): warning:  #1-D: last line of file ends without a newline
  #endif
../Core/Src/app.c(433): warning:  #177-D: function "Motor_SpeedMmps"  was declared but never referenced
  static float Motor_SpeedMmps(const Motor_t *m)
../Core/Src/app.c(438): warning:  #177-D: function "Motor_AvgSpeedMmps"  was declared but never referenced
  static float Motor_AvgSpeedMmps(void)
../Core/Src/app.c: 4 warnings, 0 errors
linking...
Program Size: Code=15306 RO-data=2650 RW-data=368 ZI-data=4040  
FromELF: creating hex file...
"electric_game\electric_game.axf" - 0 Error(s), 4 Warning(s).

<h2>Software Packages used:</h2>

Package Vendor: ARM
                http://www.keil.com/pack/ARM.CMSIS.5.9.0.pack
                ARM::CMSIS@5.9.0
                CMSIS (Common Microcontroller Software Interface Standard)
   * Component: CORE Version: 5.6.0

Package Vendor: Keil
                https://www.keil.com/pack/Keil.STM32F4xx_DFP.3.1.1.pack
                Keil::STM32F4xx_DFP@3.1.1
                STMicroelectronics STM32F4 Series Device Support

<h2>Collection of Component include folders:</h2>
  ./RTE/_electric_game
  E:/Keil5/Packs/ARM/CMSIS/5.9.0/CMSIS/Core/Include

<h2>Collection of Component Files used:</h2>

   * Component: ARM::CMSIS:CORE@5.6.0
      Include file:  CMSIS/Core/Include/tz_context.h
Build Time Elapsed:  00:00:02
</pre>
</body>
</html>
